[1.285s] Invoking command in '/home/salamut/asv_2025/ros_yolo/build/obstacle_avoidance': PYTHONPATH=/home/salamut/asv_2025/ros_yolo/build/obstacle_avoidance/prefix_override:/home/salamut/asv_2025/.venv/lib/python3.10/site-packages/colcon_core/task/python/colcon_distutils_commands:/home/salamut/asv_2025/ros_yolo/install/obstacle_avoidance/lib/python3.10/site-packages:${PYTHONPATH} VIRTUAL_ENV_PROMPT=(.venv) /home/salamut/asv_2025/.venv/bin/python -W ignore:setup.py install is deprecated -W ignore:easy_install command is deprecated setup.py develop --uninstall --editable --build-directory /home/salamut/asv_2025/ros_yolo/build/obstacle_avoidance/build
[1.537s] running develop
[1.662s] Removing /home/salamut/asv_2025/ros_yolo/install/obstacle_avoidance/lib/python3.10/site-packages/obstacle-avoidance.egg-link (link to .)
[1.702s] Invoked command in '/home/salamut/asv_2025/ros_yolo/build/obstacle_avoidance' returned '0': PYTHONPATH=/home/salamut/asv_2025/ros_yolo/build/obstacle_avoidance/prefix_override:/home/salamut/asv_2025/.venv/lib/python3.10/site-packages/colcon_core/task/python/colcon_distutils_commands:/home/salamut/asv_2025/ros_yolo/install/obstacle_avoidance/lib/python3.10/site-packages:${PYTHONPATH} VIRTUAL_ENV_PROMPT=(.venv) /home/salamut/asv_2025/.venv/bin/python -W ignore:setup.py install is deprecated -W ignore:easy_install command is deprecated setup.py develop --uninstall --editable --build-directory /home/salamut/asv_2025/ros_yolo/build/obstacle_avoidance/build
[1.705s] Invoking command in '/home/salamut/asv_2025/ros_yolo/src/obstacle_avoidance': PYTHONPATH=/home/salamut/asv_2025/ros_yolo/build/obstacle_avoidance/prefix_override:/home/salamut/asv_2025/.venv/lib/python3.10/site-packages/colcon_core/task/python/colcon_distutils_commands:/home/salamut/asv_2025/ros_yolo/install/obstacle_avoidance/lib/python3.10/site-packages:${PYTHONPATH} VIRTUAL_ENV_PROMPT=(.venv) /home/salamut/asv_2025/.venv/bin/python -W ignore:setup.py install is deprecated -W ignore:easy_install command is deprecated setup.py egg_info --egg-base ../../build/obstacle_avoidance build --build-base /home/salamut/asv_2025/ros_yolo/build/obstacle_avoidance/build install --record /home/salamut/asv_2025/ros_yolo/build/obstacle_avoidance/install.log --single-version-externally-managed install_data --force
[1.938s] running egg_info
[1.939s] writing ../../build/obstacle_avoidance/obstacle_avoidance.egg-info/PKG-INFO
[1.939s] writing dependency_links to ../../build/obstacle_avoidance/obstacle_avoidance.egg-info/dependency_links.txt
[1.939s] writing entry points to ../../build/obstacle_avoidance/obstacle_avoidance.egg-info/entry_points.txt
[1.939s] writing requirements to ../../build/obstacle_avoidance/obstacle_avoidance.egg-info/requires.txt
[1.940s] writing top-level names to ../../build/obstacle_avoidance/obstacle_avoidance.egg-info/top_level.txt
[1.941s] reading manifest file '../../build/obstacle_avoidance/obstacle_avoidance.egg-info/SOURCES.txt'
[1.942s] writing manifest file '../../build/obstacle_avoidance/obstacle_avoidance.egg-info/SOURCES.txt'
[1.942s] running build
[1.942s] running build_py
[1.942s] creating /home/salamut/asv_2025/ros_yolo/build/obstacle_avoidance/build
[1.942s] creating /home/salamut/asv_2025/ros_yolo/build/obstacle_avoidance/build/lib
[1.942s] creating /home/salamut/asv_2025/ros_yolo/build/obstacle_avoidance/build/lib/obstacle_avoidance
[1.942s] copying obstacle_avoidance/avoidance_node.py -> /home/salamut/asv_2025/ros_yolo/build/obstacle_avoidance/build/lib/obstacle_avoidance
[1.943s] copying obstacle_avoidance/__init__.py -> /home/salamut/asv_2025/ros_yolo/build/obstacle_avoidance/build/lib/obstacle_avoidance
[1.943s] running install
[1.943s] running install_lib
[1.944s] creating /home/salamut/asv_2025/ros_yolo/install/obstacle_avoidance/lib/python3.10/site-packages/obstacle_avoidance
[1.944s] copying /home/salamut/asv_2025/ros_yolo/build/obstacle_avoidance/build/lib/obstacle_avoidance/avoidance_node.py -> /home/salamut/asv_2025/ros_yolo/install/obstacle_avoidance/lib/python3.10/site-packages/obstacle_avoidance
[1.944s] copying /home/salamut/asv_2025/ros_yolo/build/obstacle_avoidance/build/lib/obstacle_avoidance/__init__.py -> /home/salamut/asv_2025/ros_yolo/install/obstacle_avoidance/lib/python3.10/site-packages/obstacle_avoidance
[1.945s] byte-compiling /home/salamut/asv_2025/ros_yolo/install/obstacle_avoidance/lib/python3.10/site-packages/obstacle_avoidance/avoidance_node.py to avoidance_node.cpython-310.pyc
[1.946s] byte-compiling /home/salamut/asv_2025/ros_yolo/install/obstacle_avoidance/lib/python3.10/site-packages/obstacle_avoidance/__init__.py to __init__.cpython-310.pyc
[1.946s] running install_data
[1.946s] copying resource/obstacle_avoidance -> /home/salamut/asv_2025/ros_yolo/install/obstacle_avoidance/share/ament_index/resource_index/packages
[1.946s] copying package.xml -> /home/salamut/asv_2025/ros_yolo/install/obstacle_avoidance/share/obstacle_avoidance
[1.946s] running install_egg_info
[1.948s] Copying ../../build/obstacle_avoidance/obstacle_avoidance.egg-info to /home/salamut/asv_2025/ros_yolo/install/obstacle_avoidance/lib/python3.10/site-packages/obstacle_avoidance-0.0.0-py3.10.egg-info
[1.949s] running install_scripts
[1.969s] Installing avoidance_node script to /home/salamut/asv_2025/ros_yolo/install/obstacle_avoidance/lib/obstacle_avoidance
[1.969s] writing list of installed files to '/home/salamut/asv_2025/ros_yolo/build/obstacle_avoidance/install.log'
[2.004s] Invoked command in '/home/salamut/asv_2025/ros_yolo/src/obstacle_avoidance' returned '0': PYTHONPATH=/home/salamut/asv_2025/ros_yolo/build/obstacle_avoidance/prefix_override:/home/salamut/asv_2025/.venv/lib/python3.10/site-packages/colcon_core/task/python/colcon_distutils_commands:/home/salamut/asv_2025/ros_yolo/install/obstacle_avoidance/lib/python3.10/site-packages:${PYTHONPATH} VIRTUAL_ENV_PROMPT=(.venv) /home/salamut/asv_2025/.venv/bin/python -W ignore:setup.py install is deprecated -W ignore:easy_install command is deprecated setup.py egg_info --egg-base ../../build/obstacle_avoidance build --build-base /home/salamut/asv_2025/ros_yolo/build/obstacle_avoidance/build install --record /home/salamut/asv_2025/ros_yolo/build/obstacle_avoidance/install.log --single-version-externally-managed install_data --force
