[1.229s] Invoking command in '/home/salamut/asv_2025/ros_yolo/src/yolo_detector': PYTHONPATH=/home/salamut/asv_2025/ros_yolo/build/yolo_detector/prefix_override:/home/salamut/asv_2025/.venv/lib/python3.10/site-packages/colcon_core/task/python/colcon_distutils_commands:/home/salamut/asv_2025/ros_yolo/install/yolo_detector/lib/python3.10/site-packages:${PYTHONPATH} VIRTUAL_ENV_PROMPT=(.venv) /home/salamut/asv_2025/.venv/bin/python -W ignore:setup.py install is deprecated -W ignore:easy_install command is deprecated setup.py egg_info --egg-base ../../build/yolo_detector build --build-base /home/salamut/asv_2025/ros_yolo/build/yolo_detector/build install --record /home/salamut/asv_2025/ros_yolo/build/yolo_detector/install.log --single-version-externally-managed install_data
[1.458s] running egg_info
[1.459s] writing ../../build/yolo_detector/yolo_detector.egg-info/PKG-INFO
[1.459s] writing dependency_links to ../../build/yolo_detector/yolo_detector.egg-info/dependency_links.txt
[1.459s] writing entry points to ../../build/yolo_detector/yolo_detector.egg-info/entry_points.txt
[1.460s] writing requirements to ../../build/yolo_detector/yolo_detector.egg-info/requires.txt
[1.460s] writing top-level names to ../../build/yolo_detector/yolo_detector.egg-info/top_level.txt
[1.461s] reading manifest file '../../build/yolo_detector/yolo_detector.egg-info/SOURCES.txt'
[1.462s] writing manifest file '../../build/yolo_detector/yolo_detector.egg-info/SOURCES.txt'
[1.462s] running build
[1.462s] running build_py
[1.462s] running install
[1.463s] running install_lib
[1.464s] running install_data
[1.464s] running install_egg_info
[1.466s] removing '/home/salamut/asv_2025/ros_yolo/install/yolo_detector/lib/python3.10/site-packages/yolo_detector-0.0.0-py3.10.egg-info' (and everything under it)
[1.466s] Copying ../../build/yolo_detector/yolo_detector.egg-info to /home/salamut/asv_2025/ros_yolo/install/yolo_detector/lib/python3.10/site-packages/yolo_detector-0.0.0-py3.10.egg-info
[1.467s] running install_scripts
[1.494s] Installing detector_node script to /home/salamut/asv_2025/ros_yolo/install/yolo_detector/lib/yolo_detector
[1.495s] writing list of installed files to '/home/salamut/asv_2025/ros_yolo/build/yolo_detector/install.log'
[1.562s] Invoked command in '/home/salamut/asv_2025/ros_yolo/src/yolo_detector' returned '0': PYTHONPATH=/home/salamut/asv_2025/ros_yolo/build/yolo_detector/prefix_override:/home/salamut/asv_2025/.venv/lib/python3.10/site-packages/colcon_core/task/python/colcon_distutils_commands:/home/salamut/asv_2025/ros_yolo/install/yolo_detector/lib/python3.10/site-packages:${PYTHONPATH} VIRTUAL_ENV_PROMPT=(.venv) /home/salamut/asv_2025/.venv/bin/python -W ignore:setup.py install is deprecated -W ignore:easy_install command is deprecated setup.py egg_info --egg-base ../../build/yolo_detector build --build-base /home/salamut/asv_2025/ros_yolo/build/yolo_detector/build install --record /home/salamut/asv_2025/ros_yolo/build/yolo_detector/install.log --single-version-externally-managed install_data
