[1.254s] Invoking command in '/home/salamut/asv_2025/ros_yolo/src/asv_launch': PYTHONPATH=/home/salamut/asv_2025/ros_yolo/build/asv_launch/prefix_override:/home/salamut/asv_2025/.venv/lib/python3.10/site-packages/colcon_core/task/python/colcon_distutils_commands:/home/salamut/asv_2025/ros_yolo/install/asv_launch/lib/python3.10/site-packages:${PYTHONPATH} VIRTUAL_ENV_PROMPT=(.venv) /home/salamut/asv_2025/.venv/bin/python -W ignore:setup.py install is deprecated -W ignore:easy_install command is deprecated setup.py egg_info --egg-base ../../build/asv_launch build --build-base /home/salamut/asv_2025/ros_yolo/build/asv_launch/build install --record /home/salamut/asv_2025/ros_yolo/build/asv_launch/install.log --single-version-externally-managed install_data
[1.477s] running egg_info
[1.478s] writing ../../build/asv_launch/asv_launch.egg-info/PKG-INFO
[1.478s] writing dependency_links to ../../build/asv_launch/asv_launch.egg-info/dependency_links.txt
[1.478s] writing entry points to ../../build/asv_launch/asv_launch.egg-info/entry_points.txt
[1.479s] writing requirements to ../../build/asv_launch/asv_launch.egg-info/requires.txt
[1.479s] writing top-level names to ../../build/asv_launch/asv_launch.egg-info/top_level.txt
[1.480s] reading manifest file '../../build/asv_launch/asv_launch.egg-info/SOURCES.txt'
[1.481s] writing manifest file '../../build/asv_launch/asv_launch.egg-info/SOURCES.txt'
[1.481s] running build
[1.481s] running build_py
[1.482s] running install
[1.482s] running install_lib
[1.483s] running install_data
[1.483s] running install_egg_info
[1.485s] removing '/home/salamut/asv_2025/ros_yolo/install/asv_launch/lib/python3.10/site-packages/asv_launch-0.0.1-py3.10.egg-info' (and everything under it)
[1.485s] Copying ../../build/asv_launch/asv_launch.egg-info to /home/salamut/asv_2025/ros_yolo/install/asv_launch/lib/python3.10/site-packages/asv_launch-0.0.1-py3.10.egg-info
[1.486s] running install_scripts
[1.513s] writing list of installed files to '/home/salamut/asv_2025/ros_yolo/build/asv_launch/install.log'
[1.564s] Invoked command in '/home/salamut/asv_2025/ros_yolo/src/asv_launch' returned '0': PYTHONPATH=/home/salamut/asv_2025/ros_yolo/build/asv_launch/prefix_override:/home/salamut/asv_2025/.venv/lib/python3.10/site-packages/colcon_core/task/python/colcon_distutils_commands:/home/salamut/asv_2025/ros_yolo/install/asv_launch/lib/python3.10/site-packages:${PYTHONPATH} VIRTUAL_ENV_PROMPT=(.venv) /home/salamut/asv_2025/.venv/bin/python -W ignore:setup.py install is deprecated -W ignore:easy_install command is deprecated setup.py egg_info --egg-base ../../build/asv_launch build --build-base /home/salamut/asv_2025/ros_yolo/build/asv_launch/build install --record /home/salamut/asv_2025/ros_yolo/build/asv_launch/install.log --single-version-externally-managed install_data
