[1.307s] Invoking command in '/home/salamut/asv_2025/ros_yolo/build/mav_interface': PYTHONPATH=/home/salamut/asv_2025/ros_yolo/build/mav_interface/prefix_override:/home/salamut/asv_2025/.venv/lib/python3.10/site-packages/colcon_core/task/python/colcon_distutils_commands:/home/salamut/asv_2025/ros_yolo/install/mav_interface/lib/python3.10/site-packages:${PYTHONPATH} VIRTUAL_ENV_PROMPT=(.venv) /home/salamut/asv_2025/.venv/bin/python -W ignore:setup.py install is deprecated -W ignore:easy_install command is deprecated setup.py develop --editable --build-directory /home/salamut/asv_2025/ros_yolo/build/mav_interface/build --no-deps symlink_data --force
[1.557s] running develop
[1.676s] running egg_info
[1.676s] writing mav_interface.egg-info/PKG-INFO
[1.676s] writing dependency_links to mav_interface.egg-info/dependency_links.txt
[1.677s] writing entry points to mav_interface.egg-info/entry_points.txt
[1.677s] writing requirements to mav_interface.egg-info/requires.txt
[1.677s] writing top-level names to mav_interface.egg-info/top_level.txt
[1.679s] reading manifest file 'mav_interface.egg-info/SOURCES.txt'
[1.680s] writing manifest file 'mav_interface.egg-info/SOURCES.txt'
[1.681s] running build_ext
[1.681s] Creating /home/salamut/asv_2025/ros_yolo/install/mav_interface/lib/python3.10/site-packages/mav-interface.egg-link (link to .)
[1.682s] Installing mav_monitor script to /home/salamut/asv_2025/ros_yolo/install/mav_interface/lib/mav_interface
[1.682s] Installing mission_master script to /home/salamut/asv_2025/ros_yolo/install/mav_interface/lib/mav_interface
[1.683s] 
[1.683s] Installed /home/salamut/asv_2025/ros_yolo/build/mav_interface
[1.683s] running symlink_data
[1.683s] symbolically linking /home/salamut/asv_2025/ros_yolo/build/mav_interface/resource/mav_interface -> /home/salamut/asv_2025/ros_yolo/install/mav_interface/share/ament_index/resource_index/packages
[1.683s] symbolically linking /home/salamut/asv_2025/ros_yolo/build/mav_interface/package.xml -> /home/salamut/asv_2025/ros_yolo/install/mav_interface/share/mav_interface
[1.765s] Invoked command in '/home/salamut/asv_2025/ros_yolo/build/mav_interface' returned '0': PYTHONPATH=/home/salamut/asv_2025/ros_yolo/build/mav_interface/prefix_override:/home/salamut/asv_2025/.venv/lib/python3.10/site-packages/colcon_core/task/python/colcon_distutils_commands:/home/salamut/asv_2025/ros_yolo/install/mav_interface/lib/python3.10/site-packages:${PYTHONPATH} VIRTUAL_ENV_PROMPT=(.venv) /home/salamut/asv_2025/.venv/bin/python -W ignore:setup.py install is deprecated -W ignore:easy_install command is deprecated setup.py develop --editable --build-directory /home/salamut/asv_2025/ros_yolo/build/mav_interface/build --no-deps symlink_data --force
