[1.290s] Invoking command in '/home/salamut/asv_2025/ros_yolo/build/asv_launch': PYTHONPATH=/home/salamut/asv_2025/ros_yolo/build/asv_launch/prefix_override:/home/salamut/asv_2025/.venv/lib/python3.10/site-packages/colcon_core/task/python/colcon_distutils_commands:/home/salamut/asv_2025/ros_yolo/install/asv_launch/lib/python3.10/site-packages:${PYTHONPATH} VIRTUAL_ENV_PROMPT=(.venv) /home/salamut/asv_2025/.venv/bin/python -W ignore:setup.py install is deprecated -W ignore:easy_install command is deprecated setup.py develop --uninstall --editable --build-directory /home/salamut/asv_2025/ros_yolo/build/asv_launch/build
[1.541s] running develop
[1.667s] Removing /home/salamut/asv_2025/ros_yolo/install/asv_launch/lib/python3.10/site-packages/asv-launch.egg-link (link to .)
[1.697s] Invoked command in '/home/salamut/asv_2025/ros_yolo/build/asv_launch' returned '0': PYTHONPATH=/home/salamut/asv_2025/ros_yolo/build/asv_launch/prefix_override:/home/salamut/asv_2025/.venv/lib/python3.10/site-packages/colcon_core/task/python/colcon_distutils_commands:/home/salamut/asv_2025/ros_yolo/install/asv_launch/lib/python3.10/site-packages:${PYTHONPATH} VIRTUAL_ENV_PROMPT=(.venv) /home/salamut/asv_2025/.venv/bin/python -W ignore:setup.py install is deprecated -W ignore:easy_install command is deprecated setup.py develop --uninstall --editable --build-directory /home/salamut/asv_2025/ros_yolo/build/asv_launch/build
[1.699s] Invoking command in '/home/salamut/asv_2025/ros_yolo/src/asv_launch': PYTHONPATH=/home/salamut/asv_2025/ros_yolo/build/asv_launch/prefix_override:/home/salamut/asv_2025/.venv/lib/python3.10/site-packages/colcon_core/task/python/colcon_distutils_commands:/home/salamut/asv_2025/ros_yolo/install/asv_launch/lib/python3.10/site-packages:${PYTHONPATH} VIRTUAL_ENV_PROMPT=(.venv) /home/salamut/asv_2025/.venv/bin/python -W ignore:setup.py install is deprecated -W ignore:easy_install command is deprecated setup.py egg_info --egg-base ../../build/asv_launch build --build-base /home/salamut/asv_2025/ros_yolo/build/asv_launch/build install --record /home/salamut/asv_2025/ros_yolo/build/asv_launch/install.log --single-version-externally-managed install_data --force
[1.934s] running egg_info
[1.934s] writing ../../build/asv_launch/asv_launch.egg-info/PKG-INFO
[1.934s] writing dependency_links to ../../build/asv_launch/asv_launch.egg-info/dependency_links.txt
[1.935s] writing entry points to ../../build/asv_launch/asv_launch.egg-info/entry_points.txt
[1.935s] writing requirements to ../../build/asv_launch/asv_launch.egg-info/requires.txt
[1.935s] writing top-level names to ../../build/asv_launch/asv_launch.egg-info/top_level.txt
[1.937s] reading manifest file '../../build/asv_launch/asv_launch.egg-info/SOURCES.txt'
[1.937s] writing manifest file '../../build/asv_launch/asv_launch.egg-info/SOURCES.txt'
[1.938s] running build
[1.938s] running build_py
[1.938s] creating /home/salamut/asv_2025/ros_yolo/build/asv_launch/build
[1.938s] creating /home/salamut/asv_2025/ros_yolo/build/asv_launch/build/lib
[1.938s] creating /home/salamut/asv_2025/ros_yolo/build/asv_launch/build/lib/asv_launch
[1.938s] copying asv_launch/__init__.py -> /home/salamut/asv_2025/ros_yolo/build/asv_launch/build/lib/asv_launch
[1.938s] running install
[1.938s] running install_lib
[1.939s] creating /home/salamut/asv_2025/ros_yolo/install/asv_launch/lib/python3.10/site-packages/asv_launch
[1.939s] copying /home/salamut/asv_2025/ros_yolo/build/asv_launch/build/lib/asv_launch/__init__.py -> /home/salamut/asv_2025/ros_yolo/install/asv_launch/lib/python3.10/site-packages/asv_launch
[1.940s] byte-compiling /home/salamut/asv_2025/ros_yolo/install/asv_launch/lib/python3.10/site-packages/asv_launch/__init__.py to __init__.cpython-310.pyc
[1.940s] running install_data
[1.940s] copying resource/asv_launch -> /home/salamut/asv_2025/ros_yolo/install/asv_launch/share/ament_index/resource_index/packages
[1.940s] copying package.xml -> /home/salamut/asv_2025/ros_yolo/install/asv_launch/share/asv_launch
[1.940s] copying launch/asv_system.launch.py -> /home/salamut/asv_2025/ros_yolo/install/asv_launch/share/asv_launch/launch
[1.940s] running install_egg_info
[1.942s] Copying ../../build/asv_launch/asv_launch.egg-info to /home/salamut/asv_2025/ros_yolo/install/asv_launch/lib/python3.10/site-packages/asv_launch-0.0.1-py3.10.egg-info
[1.943s] running install_scripts
[1.963s] writing list of installed files to '/home/salamut/asv_2025/ros_yolo/build/asv_launch/install.log'
[1.990s] Invoked command in '/home/salamut/asv_2025/ros_yolo/src/asv_launch' returned '0': PYTHONPATH=/home/salamut/asv_2025/ros_yolo/build/asv_launch/prefix_override:/home/salamut/asv_2025/.venv/lib/python3.10/site-packages/colcon_core/task/python/colcon_distutils_commands:/home/salamut/asv_2025/ros_yolo/install/asv_launch/lib/python3.10/site-packages:${PYTHONPATH} VIRTUAL_ENV_PROMPT=(.venv) /home/salamut/asv_2025/.venv/bin/python -W ignore:setup.py install is deprecated -W ignore:easy_install command is deprecated setup.py egg_info --egg-base ../../build/asv_launch build --build-base /home/salamut/asv_2025/ros_yolo/build/asv_launch/build install --record /home/salamut/asv_2025/ros_yolo/build/asv_launch/install.log --single-version-externally-managed install_data --force
