[1.272s] Invoking command in '/home/salamut/asv_2025/ros_yolo/build/mav_interface': PYTHONPATH=/home/salamut/asv_2025/ros_yolo/build/mav_interface/prefix_override:/home/salamut/asv_2025/.venv/lib/python3.10/site-packages/colcon_core/task/python/colcon_distutils_commands:/home/salamut/asv_2025/ros_yolo/install/mav_interface/lib/python3.10/site-packages:${PYTHONPATH} VIRTUAL_ENV_PROMPT=(.venv) /home/salamut/asv_2025/.venv/bin/python -W ignore:setup.py install is deprecated -W ignore:easy_install command is deprecated setup.py develop --editable --build-directory /home/salamut/asv_2025/ros_yolo/build/mav_interface/build --no-deps symlink_data
[1.526s] running develop
[1.644s] running egg_info
[1.644s] creating mav_interface.egg-info
[1.644s] writing mav_interface.egg-info/PKG-INFO
[1.644s] writing dependency_links to mav_interface.egg-info/dependency_links.txt
[1.645s] writing entry points to mav_interface.egg-info/entry_points.txt
[1.645s] writing requirements to mav_interface.egg-info/requires.txt
[1.646s] writing top-level names to mav_interface.egg-info/top_level.txt
[1.646s] writing manifest file 'mav_interface.egg-info/SOURCES.txt'
[1.646s] reading manifest file 'mav_interface.egg-info/SOURCES.txt'
[1.646s] writing manifest file 'mav_interface.egg-info/SOURCES.txt'
[1.648s] running build_ext
[1.648s] Creating /home/salamut/asv_2025/ros_yolo/install/mav_interface/lib/python3.10/site-packages/mav-interface.egg-link (link to .)
[1.649s] Installing mav_monitor script to /home/salamut/asv_2025/ros_yolo/install/mav_interface/lib/mav_interface
[1.649s] 
[1.649s] Installed /home/salamut/asv_2025/ros_yolo/build/mav_interface
[1.649s] running symlink_data
[1.649s] creating /home/salamut/asv_2025/ros_yolo/install/mav_interface/share/ament_index
[1.650s] creating /home/salamut/asv_2025/ros_yolo/install/mav_interface/share/ament_index/resource_index
[1.650s] creating /home/salamut/asv_2025/ros_yolo/install/mav_interface/share/ament_index/resource_index/packages
[1.650s] symbolically linking /home/salamut/asv_2025/ros_yolo/build/mav_interface/resource/mav_interface -> /home/salamut/asv_2025/ros_yolo/install/mav_interface/share/ament_index/resource_index/packages
[1.650s] symbolically linking /home/salamut/asv_2025/ros_yolo/build/mav_interface/package.xml -> /home/salamut/asv_2025/ros_yolo/install/mav_interface/share/mav_interface
[1.703s] Invoked command in '/home/salamut/asv_2025/ros_yolo/build/mav_interface' returned '0': PYTHONPATH=/home/salamut/asv_2025/ros_yolo/build/mav_interface/prefix_override:/home/salamut/asv_2025/.venv/lib/python3.10/site-packages/colcon_core/task/python/colcon_distutils_commands:/home/salamut/asv_2025/ros_yolo/install/mav_interface/lib/python3.10/site-packages:${PYTHONPATH} VIRTUAL_ENV_PROMPT=(.venv) /home/salamut/asv_2025/.venv/bin/python -W ignore:setup.py install is deprecated -W ignore:easy_install command is deprecated setup.py develop --editable --build-directory /home/salamut/asv_2025/ros_yolo/build/mav_interface/build --no-deps symlink_data
