[1.149s] Invoking command in '/home/salamut/asv_2025/ros_yolo/src/mav_interface': PYTHONPATH=/home/salamut/asv_2025/ros_yolo/build/mav_interface/prefix_override:/home/salamut/asv_2025/.venv/lib/python3.10/site-packages/colcon_core/task/python/colcon_distutils_commands:/home/salamut/asv_2025/ros_yolo/install/mav_interface/lib/python3.10/site-packages:${PYTHONPATH} VIRTUAL_ENV_PROMPT=(.venv) /home/salamut/asv_2025/.venv/bin/python -W ignore:setup.py install is deprecated -W ignore:easy_install command is deprecated setup.py egg_info --egg-base ../../build/mav_interface build --build-base /home/salamut/asv_2025/ros_yolo/build/mav_interface/build install --record /home/salamut/asv_2025/ros_yolo/build/mav_interface/install.log --single-version-externally-managed install_data
[1.346s] running egg_info
[1.346s] writing ../../build/mav_interface/mav_interface.egg-info/PKG-INFO
[1.347s] writing dependency_links to ../../build/mav_interface/mav_interface.egg-info/dependency_links.txt
[1.347s] writing entry points to ../../build/mav_interface/mav_interface.egg-info/entry_points.txt
[1.347s] writing requirements to ../../build/mav_interface/mav_interface.egg-info/requires.txt
[1.347s] writing top-level names to ../../build/mav_interface/mav_interface.egg-info/top_level.txt
[1.348s] reading manifest file '../../build/mav_interface/mav_interface.egg-info/SOURCES.txt'
[1.349s] writing manifest file '../../build/mav_interface/mav_interface.egg-info/SOURCES.txt'
[1.349s] running build
[1.349s] running build_py
[1.349s] running install
[1.350s] running install_lib
[1.351s] running install_data
[1.351s] running install_egg_info
[1.352s] removing '/home/salamut/asv_2025/ros_yolo/install/mav_interface/lib/python3.10/site-packages/mav_interface-0.0.0-py3.10.egg-info' (and everything under it)
[1.353s] Copying ../../build/mav_interface/mav_interface.egg-info to /home/salamut/asv_2025/ros_yolo/install/mav_interface/lib/python3.10/site-packages/mav_interface-0.0.0-py3.10.egg-info
[1.353s] running install_scripts
[1.370s] Installing mav_monitor script to /home/salamut/asv_2025/ros_yolo/install/mav_interface/lib/mav_interface
[1.370s] Installing mission_master script to /home/salamut/asv_2025/ros_yolo/install/mav_interface/lib/mav_interface
[1.371s] writing list of installed files to '/home/salamut/asv_2025/ros_yolo/build/mav_interface/install.log'
[1.401s] Invoked command in '/home/salamut/asv_2025/ros_yolo/src/mav_interface' returned '0': PYTHONPATH=/home/salamut/asv_2025/ros_yolo/build/mav_interface/prefix_override:/home/salamut/asv_2025/.venv/lib/python3.10/site-packages/colcon_core/task/python/colcon_distutils_commands:/home/salamut/asv_2025/ros_yolo/install/mav_interface/lib/python3.10/site-packages:${PYTHONPATH} VIRTUAL_ENV_PROMPT=(.venv) /home/salamut/asv_2025/.venv/bin/python -W ignore:setup.py install is deprecated -W ignore:easy_install command is deprecated setup.py egg_info --egg-base ../../build/mav_interface build --build-base /home/salamut/asv_2025/ros_yolo/build/mav_interface/build install --record /home/salamut/asv_2025/ros_yolo/build/mav_interface/install.log --single-version-externally-managed install_data
