[1.278s] Invoking command in '/home/salamut/asv_2025/ros_yolo/build/asv_launch': PYTHONPATH=/home/salamut/asv_2025/ros_yolo/build/asv_launch/prefix_override:/home/salamut/asv_2025/.venv/lib/python3.10/site-packages/colcon_core/task/python/colcon_distutils_commands:/home/salamut/asv_2025/ros_yolo/install/asv_launch/lib/python3.10/site-packages:${PYTHONPATH} VIRTUAL_ENV_PROMPT=(.venv) /home/salamut/asv_2025/.venv/bin/python -W ignore:setup.py install is deprecated -W ignore:easy_install command is deprecated setup.py develop --editable --build-directory /home/salamut/asv_2025/ros_yolo/build/asv_launch/build --no-deps symlink_data
[1.531s] running develop
[1.647s] running egg_info
[1.647s] creating asv_launch.egg-info
[1.647s] writing asv_launch.egg-info/PKG-INFO
[1.647s] writing dependency_links to asv_launch.egg-info/dependency_links.txt
[1.647s] writing entry points to asv_launch.egg-info/entry_points.txt
[1.647s] writing requirements to asv_launch.egg-info/requires.txt
[1.648s] writing top-level names to asv_launch.egg-info/top_level.txt
[1.648s] writing manifest file 'asv_launch.egg-info/SOURCES.txt'
[1.649s] reading manifest file 'asv_launch.egg-info/SOURCES.txt'
[1.649s] writing manifest file 'asv_launch.egg-info/SOURCES.txt'
[1.651s] running build_ext
[1.651s] Creating /home/salamut/asv_2025/ros_yolo/install/asv_launch/lib/python3.10/site-packages/asv-launch.egg-link (link to .)
[1.652s] 
[1.652s] Installed /home/salamut/asv_2025/ros_yolo/build/asv_launch
[1.652s] running symlink_data
[1.652s] creating /home/salamut/asv_2025/ros_yolo/install/asv_launch/share/ament_index
[1.652s] creating /home/salamut/asv_2025/ros_yolo/install/asv_launch/share/ament_index/resource_index
[1.652s] creating /home/salamut/asv_2025/ros_yolo/install/asv_launch/share/ament_index/resource_index/packages
[1.653s] symbolically linking /home/salamut/asv_2025/ros_yolo/build/asv_launch/resource/asv_launch -> /home/salamut/asv_2025/ros_yolo/install/asv_launch/share/ament_index/resource_index/packages
[1.653s] symbolically linking /home/salamut/asv_2025/ros_yolo/build/asv_launch/package.xml -> /home/salamut/asv_2025/ros_yolo/install/asv_launch/share/asv_launch
[1.653s] creating /home/salamut/asv_2025/ros_yolo/install/asv_launch/share/asv_launch/launch
[1.653s] symbolically linking /home/salamut/asv_2025/ros_yolo/build/asv_launch/launch/asv_system.launch.py -> /home/salamut/asv_2025/ros_yolo/install/asv_launch/share/asv_launch/launch
[1.688s] Invoked command in '/home/salamut/asv_2025/ros_yolo/build/asv_launch' returned '0': PYTHONPATH=/home/salamut/asv_2025/ros_yolo/build/asv_launch/prefix_override:/home/salamut/asv_2025/.venv/lib/python3.10/site-packages/colcon_core/task/python/colcon_distutils_commands:/home/salamut/asv_2025/ros_yolo/install/asv_launch/lib/python3.10/site-packages:${PYTHONPATH} VIRTUAL_ENV_PROMPT=(.venv) /home/salamut/asv_2025/.venv/bin/python -W ignore:setup.py install is deprecated -W ignore:easy_install command is deprecated setup.py develop --editable --build-directory /home/salamut/asv_2025/ros_yolo/build/asv_launch/build --no-deps symlink_data
