[1.145s] Invoking command in '/home/salamut/asv_2025/ros_yolo/src/mav_interface': PYTHONPATH=/home/salamut/asv_2025/ros_yolo/build/mav_interface/prefix_override:/home/salamut/asv_2025/.venv/lib/python3.10/site-packages/colcon_core/task/python/colcon_distutils_commands:/home/salamut/asv_2025/ros_yolo/install/mav_interface/lib/python3.10/site-packages:${PYTHONPATH} VIRTUAL_ENV_PROMPT=(.venv) /home/salamut/asv_2025/.venv/bin/python -W ignore:setup.py install is deprecated -W ignore:easy_install command is deprecated setup.py egg_info --egg-base ../../build/mav_interface build --build-base /home/salamut/asv_2025/ros_yolo/build/mav_interface/build install --record /home/salamut/asv_2025/ros_yolo/build/mav_interface/install.log --single-version-externally-managed install_data
[1.337s] running egg_info
[1.338s] writing ../../build/mav_interface/mav_interface.egg-info/PKG-INFO
[1.338s] writing dependency_links to ../../build/mav_interface/mav_interface.egg-info/dependency_links.txt
[1.338s] writing entry points to ../../build/mav_interface/mav_interface.egg-info/entry_points.txt
[1.338s] writing requirements to ../../build/mav_interface/mav_interface.egg-info/requires.txt
[1.338s] writing top-level names to ../../build/mav_interface/mav_interface.egg-info/top_level.txt
[1.340s] reading manifest file '../../build/mav_interface/mav_interface.egg-info/SOURCES.txt'
[1.340s] writing manifest file '../../build/mav_interface/mav_interface.egg-info/SOURCES.txt'
[1.340s] running build
[1.340s] running build_py
[1.341s] running install
[1.341s] running install_lib
[1.342s] running install_data
[1.342s] running install_egg_info
[1.343s] removing '/home/salamut/asv_2025/ros_yolo/install/mav_interface/lib/python3.10/site-packages/mav_interface-0.0.0-py3.10.egg-info' (and everything under it)
[1.343s] Copying ../../build/mav_interface/mav_interface.egg-info to /home/salamut/asv_2025/ros_yolo/install/mav_interface/lib/python3.10/site-packages/mav_interface-0.0.0-py3.10.egg-info
[1.344s] running install_scripts
[1.360s] Installing mav_monitor script to /home/salamut/asv_2025/ros_yolo/install/mav_interface/lib/mav_interface
[1.360s] Installing mission_master script to /home/salamut/asv_2025/ros_yolo/install/mav_interface/lib/mav_interface
[1.361s] writing list of installed files to '/home/salamut/asv_2025/ros_yolo/build/mav_interface/install.log'
[1.389s] Invoked command in '/home/salamut/asv_2025/ros_yolo/src/mav_interface' returned '0': PYTHONPATH=/home/salamut/asv_2025/ros_yolo/build/mav_interface/prefix_override:/home/salamut/asv_2025/.venv/lib/python3.10/site-packages/colcon_core/task/python/colcon_distutils_commands:/home/salamut/asv_2025/ros_yolo/install/mav_interface/lib/python3.10/site-packages:${PYTHONPATH} VIRTUAL_ENV_PROMPT=(.venv) /home/salamut/asv_2025/.venv/bin/python -W ignore:setup.py install is deprecated -W ignore:easy_install command is deprecated setup.py egg_info --egg-base ../../build/mav_interface build --build-base /home/salamut/asv_2025/ros_yolo/build/mav_interface/build install --record /home/salamut/asv_2025/ros_yolo/build/mav_interface/install.log --single-version-externally-managed install_data
