running develop
Removing /home/salamut/asv_2025/ros_yolo/install/mav_interface/lib/python3.10/site-packages/mav-interface.egg-link (link to .)
running egg_info
writing ../../build/mav_interface/mav_interface.egg-info/PKG-INFO
writing dependency_links to ../../build/mav_interface/mav_interface.egg-info/dependency_links.txt
writing entry points to ../../build/mav_interface/mav_interface.egg-info/entry_points.txt
writing requirements to ../../build/mav_interface/mav_interface.egg-info/requires.txt
writing top-level names to ../../build/mav_interface/mav_interface.egg-info/top_level.txt
reading manifest file '../../build/mav_interface/mav_interface.egg-info/SOURCES.txt'
writing manifest file '../../build/mav_interface/mav_interface.egg-info/SOURCES.txt'
running build
running build_py
creating /home/salamut/asv_2025/ros_yolo/build/mav_interface/build
creating /home/salamut/asv_2025/ros_yolo/build/mav_interface/build/lib
creating /home/salamut/asv_2025/ros_yolo/build/mav_interface/build/lib/mav_interface
copying mav_interface/mav_monitor_node.py -> /home/salamut/asv_2025/ros_yolo/build/mav_interface/build/lib/mav_interface
copying mav_interface/__init__.py -> /home/salamut/asv_2025/ros_yolo/build/mav_interface/build/lib/mav_interface
running install
running install_lib
creating /home/salamut/asv_2025/ros_yolo/install/mav_interface/lib/python3.10/site-packages/mav_interface
copying /home/salamut/asv_2025/ros_yolo/build/mav_interface/build/lib/mav_interface/mav_monitor_node.py -> /home/salamut/asv_2025/ros_yolo/install/mav_interface/lib/python3.10/site-packages/mav_interface
copying /home/salamut/asv_2025/ros_yolo/build/mav_interface/build/lib/mav_interface/__init__.py -> /home/salamut/asv_2025/ros_yolo/install/mav_interface/lib/python3.10/site-packages/mav_interface
byte-compiling /home/salamut/asv_2025/ros_yolo/install/mav_interface/lib/python3.10/site-packages/mav_interface/mav_monitor_node.py to mav_monitor_node.cpython-310.pyc
byte-compiling /home/salamut/asv_2025/ros_yolo/install/mav_interface/lib/python3.10/site-packages/mav_interface/__init__.py to __init__.cpython-310.pyc
running install_data
copying resource/mav_interface -> /home/salamut/asv_2025/ros_yolo/install/mav_interface/share/ament_index/resource_index/packages
copying package.xml -> /home/salamut/asv_2025/ros_yolo/install/mav_interface/share/mav_interface
running install_egg_info
Copying ../../build/mav_interface/mav_interface.egg-info to /home/salamut/asv_2025/ros_yolo/install/mav_interface/lib/python3.10/site-packages/mav_interface-0.0.0-py3.10.egg-info
running install_scripts
Installing mav_monitor script to /home/salamut/asv_2025/ros_yolo/install/mav_interface/lib/mav_interface
writing list of installed files to '/home/salamut/asv_2025/ros_yolo/build/mav_interface/install.log'
