[1.284s] Invoking command in '/home/salamut/asv_2025/ros_yolo/build/mav_interface': PYTHONPATH=/home/salamut/asv_2025/ros_yolo/build/mav_interface/prefix_override:/home/salamut/asv_2025/.venv/lib/python3.10/site-packages/colcon_core/task/python/colcon_distutils_commands:/home/salamut/asv_2025/ros_yolo/install/mav_interface/lib/python3.10/site-packages:${PYTHONPATH} VIRTUAL_ENV_PROMPT=(.venv) /home/salamut/asv_2025/.venv/bin/python -W ignore:setup.py install is deprecated -W ignore:easy_install command is deprecated setup.py develop --uninstall --editable --build-directory /home/salamut/asv_2025/ros_yolo/build/mav_interface/build
[1.537s] running develop
[1.664s] Removing /home/salamut/asv_2025/ros_yolo/install/mav_interface/lib/python3.10/site-packages/mav-interface.egg-link (link to .)
[1.698s] Invoked command in '/home/salamut/asv_2025/ros_yolo/build/mav_interface' returned '0': PYTHONPATH=/home/salamut/asv_2025/ros_yolo/build/mav_interface/prefix_override:/home/salamut/asv_2025/.venv/lib/python3.10/site-packages/colcon_core/task/python/colcon_distutils_commands:/home/salamut/asv_2025/ros_yolo/install/mav_interface/lib/python3.10/site-packages:${PYTHONPATH} VIRTUAL_ENV_PROMPT=(.venv) /home/salamut/asv_2025/.venv/bin/python -W ignore:setup.py install is deprecated -W ignore:easy_install command is deprecated setup.py develop --uninstall --editable --build-directory /home/salamut/asv_2025/ros_yolo/build/mav_interface/build
[1.700s] Invoking command in '/home/salamut/asv_2025/ros_yolo/src/mav_interface': PYTHONPATH=/home/salamut/asv_2025/ros_yolo/build/mav_interface/prefix_override:/home/salamut/asv_2025/.venv/lib/python3.10/site-packages/colcon_core/task/python/colcon_distutils_commands:/home/salamut/asv_2025/ros_yolo/install/mav_interface/lib/python3.10/site-packages:${PYTHONPATH} VIRTUAL_ENV_PROMPT=(.venv) /home/salamut/asv_2025/.venv/bin/python -W ignore:setup.py install is deprecated -W ignore:easy_install command is deprecated setup.py egg_info --egg-base ../../build/mav_interface build --build-base /home/salamut/asv_2025/ros_yolo/build/mav_interface/build install --record /home/salamut/asv_2025/ros_yolo/build/mav_interface/install.log --single-version-externally-managed install_data --force
[1.938s] running egg_info
[1.939s] writing ../../build/mav_interface/mav_interface.egg-info/PKG-INFO
[1.939s] writing dependency_links to ../../build/mav_interface/mav_interface.egg-info/dependency_links.txt
[1.939s] writing entry points to ../../build/mav_interface/mav_interface.egg-info/entry_points.txt
[1.939s] writing requirements to ../../build/mav_interface/mav_interface.egg-info/requires.txt
[1.939s] writing top-level names to ../../build/mav_interface/mav_interface.egg-info/top_level.txt
[1.941s] reading manifest file '../../build/mav_interface/mav_interface.egg-info/SOURCES.txt'
[1.942s] writing manifest file '../../build/mav_interface/mav_interface.egg-info/SOURCES.txt'
[1.942s] running build
[1.942s] running build_py
[1.942s] creating /home/salamut/asv_2025/ros_yolo/build/mav_interface/build
[1.942s] creating /home/salamut/asv_2025/ros_yolo/build/mav_interface/build/lib
[1.942s] creating /home/salamut/asv_2025/ros_yolo/build/mav_interface/build/lib/mav_interface
[1.943s] copying mav_interface/mav_monitor_node.py -> /home/salamut/asv_2025/ros_yolo/build/mav_interface/build/lib/mav_interface
[1.943s] copying mav_interface/__init__.py -> /home/salamut/asv_2025/ros_yolo/build/mav_interface/build/lib/mav_interface
[1.943s] running install
[1.943s] running install_lib
[1.944s] creating /home/salamut/asv_2025/ros_yolo/install/mav_interface/lib/python3.10/site-packages/mav_interface
[1.944s] copying /home/salamut/asv_2025/ros_yolo/build/mav_interface/build/lib/mav_interface/mav_monitor_node.py -> /home/salamut/asv_2025/ros_yolo/install/mav_interface/lib/python3.10/site-packages/mav_interface
[1.944s] copying /home/salamut/asv_2025/ros_yolo/build/mav_interface/build/lib/mav_interface/__init__.py -> /home/salamut/asv_2025/ros_yolo/install/mav_interface/lib/python3.10/site-packages/mav_interface
[1.944s] byte-compiling /home/salamut/asv_2025/ros_yolo/install/mav_interface/lib/python3.10/site-packages/mav_interface/mav_monitor_node.py to mav_monitor_node.cpython-310.pyc
[1.945s] byte-compiling /home/salamut/asv_2025/ros_yolo/install/mav_interface/lib/python3.10/site-packages/mav_interface/__init__.py to __init__.cpython-310.pyc
[1.945s] running install_data
[1.945s] copying resource/mav_interface -> /home/salamut/asv_2025/ros_yolo/install/mav_interface/share/ament_index/resource_index/packages
[1.945s] copying package.xml -> /home/salamut/asv_2025/ros_yolo/install/mav_interface/share/mav_interface
[1.945s] running install_egg_info
[1.947s] Copying ../../build/mav_interface/mav_interface.egg-info to /home/salamut/asv_2025/ros_yolo/install/mav_interface/lib/python3.10/site-packages/mav_interface-0.0.0-py3.10.egg-info
[1.948s] running install_scripts
[1.968s] Installing mav_monitor script to /home/salamut/asv_2025/ros_yolo/install/mav_interface/lib/mav_interface
[1.968s] writing list of installed files to '/home/salamut/asv_2025/ros_yolo/build/mav_interface/install.log'
[2.003s] Invoked command in '/home/salamut/asv_2025/ros_yolo/src/mav_interface' returned '0': PYTHONPATH=/home/salamut/asv_2025/ros_yolo/build/mav_interface/prefix_override:/home/salamut/asv_2025/.venv/lib/python3.10/site-packages/colcon_core/task/python/colcon_distutils_commands:/home/salamut/asv_2025/ros_yolo/install/mav_interface/lib/python3.10/site-packages:${PYTHONPATH} VIRTUAL_ENV_PROMPT=(.venv) /home/salamut/asv_2025/.venv/bin/python -W ignore:setup.py install is deprecated -W ignore:easy_install command is deprecated setup.py egg_info --egg-base ../../build/mav_interface build --build-base /home/salamut/asv_2025/ros_yolo/build/mav_interface/build install --record /home/salamut/asv_2025/ros_yolo/build/mav_interface/install.log --single-version-externally-managed install_data --force
