[1.162s] Invoking command in '/home/salamut/asv_2025/ros_yolo/src/asv_launch': PYTHONPATH=/home/salamut/asv_2025/ros_yolo/build/asv_launch/prefix_override:/home/salamut/asv_2025/.venv/lib/python3.10/site-packages/colcon_core/task/python/colcon_distutils_commands:/home/salamut/asv_2025/ros_yolo/install/asv_launch/lib/python3.10/site-packages:${PYTHONPATH} VIRTUAL_ENV_PROMPT=(.venv) /home/salamut/asv_2025/.venv/bin/python -W ignore:setup.py install is deprecated -W ignore:easy_install command is deprecated setup.py egg_info --egg-base ../../build/asv_launch build --build-base /home/salamut/asv_2025/ros_yolo/build/asv_launch/build install --record /home/salamut/asv_2025/ros_yolo/build/asv_launch/install.log --single-version-externally-managed install_data
[1.357s] running egg_info
[1.358s] writing ../../build/asv_launch/asv_launch.egg-info/PKG-INFO
[1.359s] writing dependency_links to ../../build/asv_launch/asv_launch.egg-info/dependency_links.txt
[1.359s] writing entry points to ../../build/asv_launch/asv_launch.egg-info/entry_points.txt
[1.359s] writing requirements to ../../build/asv_launch/asv_launch.egg-info/requires.txt
[1.359s] writing top-level names to ../../build/asv_launch/asv_launch.egg-info/top_level.txt
[1.360s] reading manifest file '../../build/asv_launch/asv_launch.egg-info/SOURCES.txt'
[1.361s] writing manifest file '../../build/asv_launch/asv_launch.egg-info/SOURCES.txt'
[1.361s] running build
[1.361s] running build_py
[1.362s] running install
[1.362s] running install_lib
[1.363s] running install_data
[1.363s] running install_egg_info
[1.364s] removing '/home/salamut/asv_2025/ros_yolo/install/asv_launch/lib/python3.10/site-packages/asv_launch-0.0.1-py3.10.egg-info' (and everything under it)
[1.364s] Copying ../../build/asv_launch/asv_launch.egg-info to /home/salamut/asv_2025/ros_yolo/install/asv_launch/lib/python3.10/site-packages/asv_launch-0.0.1-py3.10.egg-info
[1.365s] running install_scripts
[1.383s] writing list of installed files to '/home/salamut/asv_2025/ros_yolo/build/asv_launch/install.log'
[1.425s] Invoked command in '/home/salamut/asv_2025/ros_yolo/src/asv_launch' returned '0': PYTHONPATH=/home/salamut/asv_2025/ros_yolo/build/asv_launch/prefix_override:/home/salamut/asv_2025/.venv/lib/python3.10/site-packages/colcon_core/task/python/colcon_distutils_commands:/home/salamut/asv_2025/ros_yolo/install/asv_launch/lib/python3.10/site-packages:${PYTHONPATH} VIRTUAL_ENV_PROMPT=(.venv) /home/salamut/asv_2025/.venv/bin/python -W ignore:setup.py install is deprecated -W ignore:easy_install command is deprecated setup.py egg_info --egg-base ../../build/asv_launch build --build-base /home/salamut/asv_2025/ros_yolo/build/asv_launch/build install --record /home/salamut/asv_2025/ros_yolo/build/asv_launch/install.log --single-version-externally-managed install_data
