[0.113s] [34mcolcon[0m [1;30mDEBUG[0m [32mCommand line arguments: ['/home/salamut/asv_2025/.venv/lib/python3.10/site-packages/colcon/__main__.py', 'build'][0m
[0.113s] [34mcolcon[0m [1;30mDEBUG[0m [32mParsed command line arguments: Namespace(log_base=None, log_level=None, verb_name='build', build_base='build', install_base='install', merge_install=False, symlink_install=False, test_result_base=None, continue_on_error=False, executor='parallel', parallel_workers=12, event_handlers=None, ignore_user_meta=False, metas=['./colcon.meta'], base_paths=['.'], packages_ignore=None, packages_ignore_regex=None, paths=None, packages_up_to=None, packages_up_to_regex=None, packages_above=None, packages_above_and_dependencies=None, packages_above_depth=None, packages_select_by_dep=None, packages_skip_by_dep=None, packages_skip_up_to=None, packages_select_build_failed=False, packages_skip_build_finished=False, packages_select_test_failures=False, packages_skip_test_passed=False, packages_select=None, packages_skip=None, packages_select_regex=None, packages_skip_regex=None, packages_start=None, packages_end=None, cmake_args=None, cmake_target=None, cmake_target_skip_unavailable=False, cmake_clean_cache=False, cmake_clean_first=False, cmake_force_configure=False, ament_cmake_args=None, catkin_cmake_args=None, catkin_skip_building_tests=False, verb_parser=<colcon_defaults.argument_parser.defaults.DefaultArgumentsDecorator object at 0x7df804630bb0>, verb_extension=<colcon_core.verb.build.BuildVerb object at 0x7df804630760>, main=<bound method BuildVerb.main of <colcon_core.verb.build.BuildVerb object at 0x7df804630760>>)[0m
[0.210s] [34mcolcon.colcon_core.package_discovery[0m [1;30mLevel 1[0m discover_packages(colcon_meta) check parameters
[0.211s] [34mcolcon.colcon_core.package_discovery[0m [1;30mLevel 1[0m discover_packages(recursive) check parameters
[0.211s] [34mcolcon.colcon_core.package_discovery[0m [1;30mLevel 1[0m discover_packages(ignore) check parameters
[0.211s] [34mcolcon.colcon_core.package_discovery[0m [1;30mLevel 1[0m discover_packages(path) check parameters
[0.211s] [34mcolcon.colcon_core.package_discovery[0m [1;30mLevel 1[0m discover_packages(colcon_meta) discover
[0.211s] [34mcolcon.colcon_core.package_discovery[0m [1;30mLevel 1[0m discover_packages(recursive) discover
[0.211s] [34mcolcon.colcon_core.package_discovery[0m [1;30mINFO[0m Crawling recursively for packages in '/home/salamut/asv_2025/ros_yolo'
[0.211s] [34mcolcon.colcon_core.package_identification[0m [1;30mLevel 1[0m _identify(.) by extensions ['ignore', 'ignore_ament_install']
[0.211s] [34mcolcon.colcon_core.package_identification[0m [1;30mLevel 1[0m _identify(.) by extension 'ignore'
[0.211s] [34mcolcon.colcon_core.package_identification[0m [1;30mLevel 1[0m _identify(.) by extension 'ignore_ament_install'
[0.211s] [34mcolcon.colcon_core.package_identification[0m [1;30mLevel 1[0m _identify(.) by extensions ['colcon_pkg']
[0.211s] [34mcolcon.colcon_core.package_identification[0m [1;30mLevel 1[0m _identify(.) by extension 'colcon_pkg'
[0.211s] [34mcolcon.colcon_core.package_identification[0m [1;30mLevel 1[0m _identify(.) by extensions ['colcon_meta']
[0.211s] [34mcolcon.colcon_core.package_identification[0m [1;30mLevel 1[0m _identify(.) by extension 'colcon_meta'
[0.211s] [34mcolcon.colcon_core.package_identification[0m [1;30mLevel 1[0m _identify(.) by extensions ['ros']
[0.211s] [34mcolcon.colcon_core.package_identification[0m [1;30mLevel 1[0m _identify(.) by extension 'ros'
[0.229s] [34mcolcon.colcon_core.package_identification[0m [1;30mLevel 1[0m _identify(.) by extensions ['cmake', 'python']
[0.229s] [34mcolcon.colcon_core.package_identification[0m [1;30mLevel 1[0m _identify(.) by extension 'cmake'
[0.229s] [34mcolcon.colcon_core.package_identification[0m [1;30mLevel 1[0m _identify(.) by extension 'python'
[0.229s] [34mcolcon.colcon_core.package_identification[0m [1;30mLevel 1[0m _identify(.) by extensions ['python_setup_py']
[0.229s] [34mcolcon.colcon_core.package_identification[0m [1;30mLevel 1[0m _identify(.) by extension 'python_setup_py'
[0.229s] [34mcolcon.colcon_core.package_identification[0m [1;30mLevel 1[0m _identify(build) by extensions ['ignore', 'ignore_ament_install']
[0.229s] [34mcolcon.colcon_core.package_identification[0m [1;30mLevel 1[0m _identify(build) by extension 'ignore'
[0.229s] [34mcolcon.colcon_core.package_identification[0m [1;30mLevel 1[0m _identify(build) ignored
[0.229s] [34mcolcon.colcon_core.package_identification[0m [1;30mLevel 1[0m _identify(install) by extensions ['ignore', 'ignore_ament_install']
[0.229s] [34mcolcon.colcon_core.package_identification[0m [1;30mLevel 1[0m _identify(install) by extension 'ignore'
[0.229s] [34mcolcon.colcon_core.package_identification[0m [1;30mLevel 1[0m _identify(install) ignored
[0.229s] [34mcolcon.colcon_core.package_identification[0m [1;30mLevel 1[0m _identify(log) by extensions ['ignore', 'ignore_ament_install']
[0.229s] [34mcolcon.colcon_core.package_identification[0m [1;30mLevel 1[0m _identify(log) by extension 'ignore'
[0.230s] [34mcolcon.colcon_core.package_identification[0m [1;30mLevel 1[0m _identify(log) ignored
[0.230s] [34mcolcon.colcon_core.package_identification[0m [1;30mLevel 1[0m _identify(src) by extensions ['ignore', 'ignore_ament_install']
[0.230s] [34mcolcon.colcon_core.package_identification[0m [1;30mLevel 1[0m _identify(src) by extension 'ignore'
[0.230s] [34mcolcon.colcon_core.package_identification[0m [1;30mLevel 1[0m _identify(src) by extension 'ignore_ament_install'
[0.230s] [34mcolcon.colcon_core.package_identification[0m [1;30mLevel 1[0m _identify(src) by extensions ['colcon_pkg']
[0.230s] [34mcolcon.colcon_core.package_identification[0m [1;30mLevel 1[0m _identify(src) by extension 'colcon_pkg'
[0.230s] [34mcolcon.colcon_core.package_identification[0m [1;30mLevel 1[0m _identify(src) by extensions ['colcon_meta']
[0.230s] [34mcolcon.colcon_core.package_identification[0m [1;30mLevel 1[0m _identify(src) by extension 'colcon_meta'
[0.230s] [34mcolcon.colcon_core.package_identification[0m [1;30mLevel 1[0m _identify(src) by extensions ['ros']
[0.230s] [34mcolcon.colcon_core.package_identification[0m [1;30mLevel 1[0m _identify(src) by extension 'ros'
[0.230s] [34mcolcon.colcon_core.package_identification[0m [1;30mLevel 1[0m _identify(src) by extensions ['cmake', 'python']
[0.230s] [34mcolcon.colcon_core.package_identification[0m [1;30mLevel 1[0m _identify(src) by extension 'cmake'
[0.230s] [34mcolcon.colcon_core.package_identification[0m [1;30mLevel 1[0m _identify(src) by extension 'python'
[0.230s] [34mcolcon.colcon_core.package_identification[0m [1;30mLevel 1[0m _identify(src) by extensions ['python_setup_py']
[0.230s] [34mcolcon.colcon_core.package_identification[0m [1;30mLevel 1[0m _identify(src) by extension 'python_setup_py'
[0.230s] [34mcolcon.colcon_core.package_identification[0m [1;30mLevel 1[0m _identify(src/asv_launch) by extensions ['ignore', 'ignore_ament_install']
[0.230s] [34mcolcon.colcon_core.package_identification[0m [1;30mLevel 1[0m _identify(src/asv_launch) by extension 'ignore'
[0.230s] [34mcolcon.colcon_core.package_identification[0m [1;30mLevel 1[0m _identify(src/asv_launch) by extension 'ignore_ament_install'
[0.230s] [34mcolcon.colcon_core.package_identification[0m [1;30mLevel 1[0m _identify(src/asv_launch) by extensions ['colcon_pkg']
[0.230s] [34mcolcon.colcon_core.package_identification[0m [1;30mLevel 1[0m _identify(src/asv_launch) by extension 'colcon_pkg'
[0.230s] [34mcolcon.colcon_core.package_identification[0m [1;30mLevel 1[0m _identify(src/asv_launch) by extensions ['colcon_meta']
[0.230s] [34mcolcon.colcon_core.package_identification[0m [1;30mLevel 1[0m _identify(src/asv_launch) by extension 'colcon_meta'
[0.230s] [34mcolcon.colcon_core.package_identification[0m [1;30mLevel 1[0m _identify(src/asv_launch) by extensions ['ros']
[0.230s] [34mcolcon.colcon_core.package_identification[0m [1;30mLevel 1[0m _identify(src/asv_launch) by extension 'ros'
[0.232s] [34mcolcon.colcon_core.package_identification[0m [1;30mDEBUG[0m [32mPackage 'src/asv_launch' with type 'ros.ament_python' and name 'asv_launch'[0m
[0.233s] [34mcolcon.colcon_core.package_identification[0m [1;30mLevel 1[0m _identify(src/mav_interface) by extensions ['ignore', 'ignore_ament_install']
[0.233s] [34mcolcon.colcon_core.package_identification[0m [1;30mLevel 1[0m _identify(src/mav_interface) by extension 'ignore'
[0.233s] [34mcolcon.colcon_core.package_identification[0m [1;30mLevel 1[0m _identify(src/mav_interface) by extension 'ignore_ament_install'
[0.233s] [34mcolcon.colcon_core.package_identification[0m [1;30mLevel 1[0m _identify(src/mav_interface) by extensions ['colcon_pkg']
[0.233s] [34mcolcon.colcon_core.package_identification[0m [1;30mLevel 1[0m _identify(src/mav_interface) by extension 'colcon_pkg'
[0.233s] [34mcolcon.colcon_core.package_identification[0m [1;30mLevel 1[0m _identify(src/mav_interface) by extensions ['colcon_meta']
[0.233s] [34mcolcon.colcon_core.package_identification[0m [1;30mLevel 1[0m _identify(src/mav_interface) by extension 'colcon_meta'
[0.233s] [34mcolcon.colcon_core.package_identification[0m [1;30mLevel 1[0m _identify(src/mav_interface) by extensions ['ros']
[0.233s] [34mcolcon.colcon_core.package_identification[0m [1;30mLevel 1[0m _identify(src/mav_interface) by extension 'ros'
[0.233s] [34mcolcon.colcon_core.package_identification[0m [1;30mDEBUG[0m [32mPackage 'src/mav_interface' with type 'ros.ament_python' and name 'mav_interface'[0m
[0.233s] [34mcolcon.colcon_core.package_identification[0m [1;30mLevel 1[0m _identify(src/obstacle_avoidance) by extensions ['ignore', 'ignore_ament_install']
[0.234s] [34mcolcon.colcon_core.package_identification[0m [1;30mLevel 1[0m _identify(src/obstacle_avoidance) by extension 'ignore'
[0.234s] [34mcolcon.colcon_core.package_identification[0m [1;30mLevel 1[0m _identify(src/obstacle_avoidance) by extension 'ignore_ament_install'
[0.234s] [34mcolcon.colcon_core.package_identification[0m [1;30mLevel 1[0m _identify(src/obstacle_avoidance) by extensions ['colcon_pkg']
[0.234s] [34mcolcon.colcon_core.package_identification[0m [1;30mLevel 1[0m _identify(src/obstacle_avoidance) by extension 'colcon_pkg'
[0.234s] [34mcolcon.colcon_core.package_identification[0m [1;30mLevel 1[0m _identify(src/obstacle_avoidance) by extensions ['colcon_meta']
[0.234s] [34mcolcon.colcon_core.package_identification[0m [1;30mLevel 1[0m _identify(src/obstacle_avoidance) by extension 'colcon_meta'
[0.234s] [34mcolcon.colcon_core.package_identification[0m [1;30mLevel 1[0m _identify(src/obstacle_avoidance) by extensions ['ros']
[0.234s] [34mcolcon.colcon_core.package_identification[0m [1;30mLevel 1[0m _identify(src/obstacle_avoidance) by extension 'ros'
[0.234s] [34mcolcon.colcon_core.package_identification[0m [1;30mDEBUG[0m [32mPackage 'src/obstacle_avoidance' with type 'ros.ament_python' and name 'obstacle_avoidance'[0m
[0.234s] [34mcolcon.colcon_core.package_identification[0m [1;30mLevel 1[0m _identify(src/yolo_detector) by extensions ['ignore', 'ignore_ament_install']
[0.235s] [34mcolcon.colcon_core.package_identification[0m [1;30mLevel 1[0m _identify(src/yolo_detector) by extension 'ignore'
[0.235s] [34mcolcon.colcon_core.package_identification[0m [1;30mLevel 1[0m _identify(src/yolo_detector) by extension 'ignore_ament_install'
[0.235s] [34mcolcon.colcon_core.package_identification[0m [1;30mLevel 1[0m _identify(src/yolo_detector) by extensions ['colcon_pkg']
[0.235s] [34mcolcon.colcon_core.package_identification[0m [1;30mLevel 1[0m _identify(src/yolo_detector) by extension 'colcon_pkg'
[0.235s] [34mcolcon.colcon_core.package_identification[0m [1;30mLevel 1[0m _identify(src/yolo_detector) by extensions ['colcon_meta']
[0.235s] [34mcolcon.colcon_core.package_identification[0m [1;30mLevel 1[0m _identify(src/yolo_detector) by extension 'colcon_meta'
[0.235s] [34mcolcon.colcon_core.package_identification[0m [1;30mLevel 1[0m _identify(src/yolo_detector) by extensions ['ros']
[0.235s] [34mcolcon.colcon_core.package_identification[0m [1;30mLevel 1[0m _identify(src/yolo_detector) by extension 'ros'
[0.235s] [34mcolcon.colcon_core.package_identification[0m [1;30mDEBUG[0m [32mPackage 'src/yolo_detector' with type 'ros.ament_python' and name 'yolo_detector'[0m
[0.235s] [34mcolcon.colcon_core.package_discovery[0m [1;30mLevel 1[0m discover_packages(recursive) using defaults
[0.235s] [34mcolcon.colcon_core.package_discovery[0m [1;30mLevel 1[0m discover_packages(ignore) discover
[0.235s] [34mcolcon.colcon_core.package_discovery[0m [1;30mLevel 1[0m discover_packages(ignore) using defaults
[0.235s] [34mcolcon.colcon_core.package_discovery[0m [1;30mLevel 1[0m discover_packages(path) discover
[0.235s] [34mcolcon.colcon_core.package_discovery[0m [1;30mLevel 1[0m discover_packages(path) using defaults
[0.258s] [34mcolcon.colcon_core.verb[0m [1;30mLevel 5[0m set package 'asv_launch' build argument 'cmake_args' from command line to 'None'
[0.258s] [34mcolcon.colcon_core.verb[0m [1;30mLevel 5[0m set package 'asv_launch' build argument 'cmake_target' from command line to 'None'
[0.258s] [34mcolcon.colcon_core.verb[0m [1;30mLevel 5[0m set package 'asv_launch' build argument 'cmake_target_skip_unavailable' from command line to 'False'
[0.258s] [34mcolcon.colcon_core.verb[0m [1;30mLevel 5[0m set package 'asv_launch' build argument 'cmake_clean_cache' from command line to 'False'
[0.258s] [34mcolcon.colcon_core.verb[0m [1;30mLevel 5[0m set package 'asv_launch' build argument 'cmake_clean_first' from command line to 'False'
[0.258s] [34mcolcon.colcon_core.verb[0m [1;30mLevel 5[0m set package 'asv_launch' build argument 'cmake_force_configure' from command line to 'False'
[0.258s] [34mcolcon.colcon_core.verb[0m [1;30mLevel 5[0m set package 'asv_launch' build argument 'ament_cmake_args' from command line to 'None'
[0.258s] [34mcolcon.colcon_core.verb[0m [1;30mLevel 5[0m set package 'asv_launch' build argument 'catkin_cmake_args' from command line to 'None'
[0.258s] [34mcolcon.colcon_core.verb[0m [1;30mLevel 5[0m set package 'asv_launch' build argument 'catkin_skip_building_tests' from command line to 'False'
[0.258s] [34mcolcon.colcon_core.verb[0m [1;30mDEBUG[0m [32mBuilding package 'asv_launch' with the following arguments: {'ament_cmake_args': None, 'build_base': '/home/salamut/asv_2025/ros_yolo/build/asv_launch', 'catkin_cmake_args': None, 'catkin_skip_building_tests': False, 'cmake_args': None, 'cmake_clean_cache': False, 'cmake_clean_first': False, 'cmake_force_configure': False, 'cmake_target': None, 'cmake_target_skip_unavailable': False, 'install_base': '/home/salamut/asv_2025/ros_yolo/install/asv_launch', 'merge_install': False, 'path': '/home/salamut/asv_2025/ros_yolo/src/asv_launch', 'symlink_install': False, 'test_result_base': None}[0m
[0.259s] [34mcolcon.colcon_core.verb[0m [1;30mLevel 5[0m set package 'mav_interface' build argument 'cmake_args' from command line to 'None'
[0.259s] [34mcolcon.colcon_core.verb[0m [1;30mLevel 5[0m set package 'mav_interface' build argument 'cmake_target' from command line to 'None'
[0.259s] [34mcolcon.colcon_core.verb[0m [1;30mLevel 5[0m set package 'mav_interface' build argument 'cmake_target_skip_unavailable' from command line to 'False'
[0.259s] [34mcolcon.colcon_core.verb[0m [1;30mLevel 5[0m set package 'mav_interface' build argument 'cmake_clean_cache' from command line to 'False'
[0.259s] [34mcolcon.colcon_core.verb[0m [1;30mLevel 5[0m set package 'mav_interface' build argument 'cmake_clean_first' from command line to 'False'
[0.259s] [34mcolcon.colcon_core.verb[0m [1;30mLevel 5[0m set package 'mav_interface' build argument 'cmake_force_configure' from command line to 'False'
[0.259s] [34mcolcon.colcon_core.verb[0m [1;30mLevel 5[0m set package 'mav_interface' build argument 'ament_cmake_args' from command line to 'None'
[0.259s] [34mcolcon.colcon_core.verb[0m [1;30mLevel 5[0m set package 'mav_interface' build argument 'catkin_cmake_args' from command line to 'None'
[0.259s] [34mcolcon.colcon_core.verb[0m [1;30mLevel 5[0m set package 'mav_interface' build argument 'catkin_skip_building_tests' from command line to 'False'
[0.259s] [34mcolcon.colcon_core.verb[0m [1;30mDEBUG[0m [32mBuilding package 'mav_interface' with the following arguments: {'ament_cmake_args': None, 'build_base': '/home/salamut/asv_2025/ros_yolo/build/mav_interface', 'catkin_cmake_args': None, 'catkin_skip_building_tests': False, 'cmake_args': None, 'cmake_clean_cache': False, 'cmake_clean_first': False, 'cmake_force_configure': False, 'cmake_target': None, 'cmake_target_skip_unavailable': False, 'install_base': '/home/salamut/asv_2025/ros_yolo/install/mav_interface', 'merge_install': False, 'path': '/home/salamut/asv_2025/ros_yolo/src/mav_interface', 'symlink_install': False, 'test_result_base': None}[0m
[0.259s] [34mcolcon.colcon_core.verb[0m [1;30mLevel 5[0m set package 'obstacle_avoidance' build argument 'cmake_args' from command line to 'None'
[0.259s] [34mcolcon.colcon_core.verb[0m [1;30mLevel 5[0m set package 'obstacle_avoidance' build argument 'cmake_target' from command line to 'None'
[0.259s] [34mcolcon.colcon_core.verb[0m [1;30mLevel 5[0m set package 'obstacle_avoidance' build argument 'cmake_target_skip_unavailable' from command line to 'False'
[0.259s] [34mcolcon.colcon_core.verb[0m [1;30mLevel 5[0m set package 'obstacle_avoidance' build argument 'cmake_clean_cache' from command line to 'False'
[0.259s] [34mcolcon.colcon_core.verb[0m [1;30mLevel 5[0m set package 'obstacle_avoidance' build argument 'cmake_clean_first' from command line to 'False'
[0.259s] [34mcolcon.colcon_core.verb[0m [1;30mLevel 5[0m set package 'obstacle_avoidance' build argument 'cmake_force_configure' from command line to 'False'
[0.259s] [34mcolcon.colcon_core.verb[0m [1;30mLevel 5[0m set package 'obstacle_avoidance' build argument 'ament_cmake_args' from command line to 'None'
[0.259s] [34mcolcon.colcon_core.verb[0m [1;30mLevel 5[0m set package 'obstacle_avoidance' build argument 'catkin_cmake_args' from command line to 'None'
[0.259s] [34mcolcon.colcon_core.verb[0m [1;30mLevel 5[0m set package 'obstacle_avoidance' build argument 'catkin_skip_building_tests' from command line to 'False'
[0.259s] [34mcolcon.colcon_core.verb[0m [1;30mDEBUG[0m [32mBuilding package 'obstacle_avoidance' with the following arguments: {'ament_cmake_args': None, 'build_base': '/home/salamut/asv_2025/ros_yolo/build/obstacle_avoidance', 'catkin_cmake_args': None, 'catkin_skip_building_tests': False, 'cmake_args': None, 'cmake_clean_cache': False, 'cmake_clean_first': False, 'cmake_force_configure': False, 'cmake_target': None, 'cmake_target_skip_unavailable': False, 'install_base': '/home/salamut/asv_2025/ros_yolo/install/obstacle_avoidance', 'merge_install': False, 'path': '/home/salamut/asv_2025/ros_yolo/src/obstacle_avoidance', 'symlink_install': False, 'test_result_base': None}[0m
[0.260s] [34mcolcon.colcon_core.verb[0m [1;30mLevel 5[0m set package 'yolo_detector' build argument 'cmake_args' from command line to 'None'
[0.260s] [34mcolcon.colcon_core.verb[0m [1;30mLevel 5[0m set package 'yolo_detector' build argument 'cmake_target' from command line to 'None'
[0.260s] [34mcolcon.colcon_core.verb[0m [1;30mLevel 5[0m set package 'yolo_detector' build argument 'cmake_target_skip_unavailable' from command line to 'False'
[0.260s] [34mcolcon.colcon_core.verb[0m [1;30mLevel 5[0m set package 'yolo_detector' build argument 'cmake_clean_cache' from command line to 'False'
[0.260s] [34mcolcon.colcon_core.verb[0m [1;30mLevel 5[0m set package 'yolo_detector' build argument 'cmake_clean_first' from command line to 'False'
[0.260s] [34mcolcon.colcon_core.verb[0m [1;30mLevel 5[0m set package 'yolo_detector' build argument 'cmake_force_configure' from command line to 'False'
[0.260s] [34mcolcon.colcon_core.verb[0m [1;30mLevel 5[0m set package 'yolo_detector' build argument 'ament_cmake_args' from command line to 'None'
[0.260s] [34mcolcon.colcon_core.verb[0m [1;30mLevel 5[0m set package 'yolo_detector' build argument 'catkin_cmake_args' from command line to 'None'
[0.260s] [34mcolcon.colcon_core.verb[0m [1;30mLevel 5[0m set package 'yolo_detector' build argument 'catkin_skip_building_tests' from command line to 'False'
[0.260s] [34mcolcon.colcon_core.verb[0m [1;30mDEBUG[0m [32mBuilding package 'yolo_detector' with the following arguments: {'ament_cmake_args': None, 'build_base': '/home/salamut/asv_2025/ros_yolo/build/yolo_detector', 'catkin_cmake_args': None, 'catkin_skip_building_tests': False, 'cmake_args': None, 'cmake_clean_cache': False, 'cmake_clean_first': False, 'cmake_force_configure': False, 'cmake_target': None, 'cmake_target_skip_unavailable': False, 'install_base': '/home/salamut/asv_2025/ros_yolo/install/yolo_detector', 'merge_install': False, 'path': '/home/salamut/asv_2025/ros_yolo/src/yolo_detector', 'symlink_install': False, 'test_result_base': None}[0m
[0.260s] [34mcolcon.colcon_core.executor[0m [1;30mINFO[0m Executing jobs using 'parallel' executor
[0.261s] [34mcolcon.colcon_parallel_executor.executor.parallel[0m [1;30mDEBUG[0m [32mrun_until_complete[0m
[0.261s] [34mcolcon.colcon_ros.task.ament_python.build[0m [1;30mINFO[0m Building ROS package in '/home/salamut/asv_2025/ros_yolo/src/asv_launch' with build type 'ament_python'
[0.261s] [34mcolcon.colcon_core.shell[0m [1;30mLevel 1[0m create_environment_hook('asv_launch', 'ament_prefix_path')
[0.263s] [34mcolcon.colcon_core.plugin_system[0m [1;30mINFO[0m Skipping extension 'colcon_core.shell.bat': Not used on non-Windows systems
[0.263s] [34mcolcon.colcon_core.shell[0m [1;30mINFO[0m Creating environment hook '/home/salamut/asv_2025/ros_yolo/install/asv_launch/share/asv_launch/hook/ament_prefix_path.ps1'
[0.264s] [34mcolcon.colcon_core.shell[0m [1;30mINFO[0m Creating environment descriptor '/home/salamut/asv_2025/ros_yolo/install/asv_launch/share/asv_launch/hook/ament_prefix_path.dsv'
[0.264s] [34mcolcon.colcon_core.shell[0m [1;30mINFO[0m Creating environment hook '/home/salamut/asv_2025/ros_yolo/install/asv_launch/share/asv_launch/hook/ament_prefix_path.sh'
[0.265s] [34mcolcon.colcon_core.shell[0m [1;30mINFO[0m Skip shell extension 'powershell' for command environment: Not usable outside of PowerShell
[0.265s] [34mcolcon.colcon_core.shell[0m [1;30mDEBUG[0m [32mSkip shell extension 'dsv' for command environment[0m
[0.269s] [34mcolcon.colcon_ros.task.ament_python.build[0m [1;30mINFO[0m Building ROS package in '/home/salamut/asv_2025/ros_yolo/src/mav_interface' with build type 'ament_python'
[0.269s] [34mcolcon.colcon_core.shell[0m [1;30mLevel 1[0m create_environment_hook('mav_interface', 'ament_prefix_path')
[0.269s] [34mcolcon.colcon_core.shell[0m [1;30mINFO[0m Creating environment hook '/home/salamut/asv_2025/ros_yolo/install/mav_interface/share/mav_interface/hook/ament_prefix_path.ps1'
[0.270s] [34mcolcon.colcon_core.shell[0m [1;30mINFO[0m Creating environment descriptor '/home/salamut/asv_2025/ros_yolo/install/mav_interface/share/mav_interface/hook/ament_prefix_path.dsv'
[0.270s] [34mcolcon.colcon_core.shell[0m [1;30mINFO[0m Creating environment hook '/home/salamut/asv_2025/ros_yolo/install/mav_interface/share/mav_interface/hook/ament_prefix_path.sh'
[0.271s] [34mcolcon.colcon_core.shell[0m [1;30mINFO[0m Skip shell extension 'powershell' for command environment: Not usable outside of PowerShell
[0.271s] [34mcolcon.colcon_core.shell[0m [1;30mDEBUG[0m [32mSkip shell extension 'dsv' for command environment[0m
[0.274s] [34mcolcon.colcon_ros.task.ament_python.build[0m [1;30mINFO[0m Building ROS package in '/home/salamut/asv_2025/ros_yolo/src/obstacle_avoidance' with build type 'ament_python'
[0.274s] [34mcolcon.colcon_core.shell[0m [1;30mLevel 1[0m create_environment_hook('obstacle_avoidance', 'ament_prefix_path')
[0.274s] [34mcolcon.colcon_core.shell[0m [1;30mINFO[0m Creating environment hook '/home/salamut/asv_2025/ros_yolo/install/obstacle_avoidance/share/obstacle_avoidance/hook/ament_prefix_path.ps1'
[0.275s] [34mcolcon.colcon_core.shell[0m [1;30mINFO[0m Creating environment descriptor '/home/salamut/asv_2025/ros_yolo/install/obstacle_avoidance/share/obstacle_avoidance/hook/ament_prefix_path.dsv'
[0.276s] [34mcolcon.colcon_core.shell[0m [1;30mINFO[0m Creating environment hook '/home/salamut/asv_2025/ros_yolo/install/obstacle_avoidance/share/obstacle_avoidance/hook/ament_prefix_path.sh'
[0.277s] [34mcolcon.colcon_core.shell[0m [1;30mINFO[0m Skip shell extension 'powershell' for command environment: Not usable outside of PowerShell
[0.277s] [34mcolcon.colcon_core.shell[0m [1;30mDEBUG[0m [32mSkip shell extension 'dsv' for command environment[0m
[0.279s] [34mcolcon.colcon_ros.task.ament_python.build[0m [1;30mINFO[0m Building ROS package in '/home/salamut/asv_2025/ros_yolo/src/yolo_detector' with build type 'ament_python'
[0.280s] [34mcolcon.colcon_core.shell[0m [1;30mLevel 1[0m create_environment_hook('yolo_detector', 'ament_prefix_path')
[0.280s] [34mcolcon.colcon_core.shell[0m [1;30mINFO[0m Creating environment hook '/home/salamut/asv_2025/ros_yolo/install/yolo_detector/share/yolo_detector/hook/ament_prefix_path.ps1'
[0.280s] [34mcolcon.colcon_core.shell[0m [1;30mINFO[0m Creating environment descriptor '/home/salamut/asv_2025/ros_yolo/install/yolo_detector/share/yolo_detector/hook/ament_prefix_path.dsv'
[0.281s] [34mcolcon.colcon_core.shell[0m [1;30mINFO[0m Creating environment hook '/home/salamut/asv_2025/ros_yolo/install/yolo_detector/share/yolo_detector/hook/ament_prefix_path.sh'
[0.281s] [34mcolcon.colcon_core.shell[0m [1;30mINFO[0m Skip shell extension 'powershell' for command environment: Not usable outside of PowerShell
[0.281s] [34mcolcon.colcon_core.shell[0m [1;30mDEBUG[0m [32mSkip shell extension 'dsv' for command environment[0m
[0.499s] [34mcolcon.colcon_core.task.python.build[0m [1;30mINFO[0m Building Python package in '/home/salamut/asv_2025/ros_yolo/src/asv_launch'
[0.499s] [34mcolcon.colcon_core.shell[0m [1;30mINFO[0m Skip shell extension 'powershell' for command environment: Not usable outside of PowerShell
[0.499s] [34mcolcon.colcon_core.shell[0m [1;30mDEBUG[0m [32mSkip shell extension 'dsv' for command environment[0m
[0.705s] [34mcolcon.colcon_core.task.python.build[0m [1;30mINFO[0m Building Python package in '/home/salamut/asv_2025/ros_yolo/src/mav_interface'
[0.706s] [34mcolcon.colcon_core.shell[0m [1;30mINFO[0m Skip shell extension 'powershell' for command environment: Not usable outside of PowerShell
[0.706s] [34mcolcon.colcon_core.shell[0m [1;30mDEBUG[0m [32mSkip shell extension 'dsv' for command environment[0m
[0.939s] [34mcolcon.colcon_core.task.python.build[0m [1;30mINFO[0m Building Python package in '/home/salamut/asv_2025/ros_yolo/src/obstacle_avoidance'
[0.940s] [34mcolcon.colcon_core.shell[0m [1;30mINFO[0m Skip shell extension 'powershell' for command environment: Not usable outside of PowerShell
[0.940s] [34mcolcon.colcon_core.shell[0m [1;30mDEBUG[0m [32mSkip shell extension 'dsv' for command environment[0m
[1.164s] [34mcolcon.colcon_core.task.python.build[0m [1;30mINFO[0m Building Python package in '/home/salamut/asv_2025/ros_yolo/src/yolo_detector'
[1.165s] [34mcolcon.colcon_core.shell[0m [1;30mINFO[0m Skip shell extension 'powershell' for command environment: Not usable outside of PowerShell
[1.165s] [34mcolcon.colcon_core.shell[0m [1;30mDEBUG[0m [32mSkip shell extension 'dsv' for command environment[0m
[1.503s] [34mcolcon.colcon_core.event_handler.log_command[0m [1;30mDEBUG[0m [32mInvoking command in '/home/salamut/asv_2025/ros_yolo/src/mav_interface': PYTHONPATH=/home/salamut/asv_2025/ros_yolo/build/mav_interface/prefix_override:/home/salamut/asv_2025/.venv/lib/python3.10/site-packages/colcon_core/task/python/colcon_distutils_commands:/home/salamut/asv_2025/ros_yolo/install/mav_interface/lib/python3.10/site-packages:${PYTHONPATH} VIRTUAL_ENV_PROMPT=(.venv) /home/salamut/asv_2025/.venv/bin/python -W ignore:setup.py install is deprecated -W ignore:easy_install command is deprecated setup.py egg_info --egg-base ../../build/mav_interface build --build-base /home/salamut/asv_2025/ros_yolo/build/mav_interface/build install --record /home/salamut/asv_2025/ros_yolo/build/mav_interface/install.log --single-version-externally-managed install_data[0m
[1.509s] [34mcolcon.colcon_core.event_handler.log_command[0m [1;30mDEBUG[0m [32mInvoking command in '/home/salamut/asv_2025/ros_yolo/src/yolo_detector': PYTHONPATH=/home/salamut/asv_2025/ros_yolo/build/yolo_detector/prefix_override:/home/salamut/asv_2025/.venv/lib/python3.10/site-packages/colcon_core/task/python/colcon_distutils_commands:/home/salamut/asv_2025/ros_yolo/install/yolo_detector/lib/python3.10/site-packages:${PYTHONPATH} VIRTUAL_ENV_PROMPT=(.venv) /home/salamut/asv_2025/.venv/bin/python -W ignore:setup.py install is deprecated -W ignore:easy_install command is deprecated setup.py egg_info --egg-base ../../build/yolo_detector build --build-base /home/salamut/asv_2025/ros_yolo/build/yolo_detector/build install --record /home/salamut/asv_2025/ros_yolo/build/yolo_detector/install.log --single-version-externally-managed install_data[0m
[1.516s] [34mcolcon.colcon_core.event_handler.log_command[0m [1;30mDEBUG[0m [32mInvoking command in '/home/salamut/asv_2025/ros_yolo/src/asv_launch': PYTHONPATH=/home/salamut/asv_2025/ros_yolo/build/asv_launch/prefix_override:/home/salamut/asv_2025/.venv/lib/python3.10/site-packages/colcon_core/task/python/colcon_distutils_commands:/home/salamut/asv_2025/ros_yolo/install/asv_launch/lib/python3.10/site-packages:${PYTHONPATH} VIRTUAL_ENV_PROMPT=(.venv) /home/salamut/asv_2025/.venv/bin/python -W ignore:setup.py install is deprecated -W ignore:easy_install command is deprecated setup.py egg_info --egg-base ../../build/asv_launch build --build-base /home/salamut/asv_2025/ros_yolo/build/asv_launch/build install --record /home/salamut/asv_2025/ros_yolo/build/asv_launch/install.log --single-version-externally-managed install_data[0m
[1.523s] [34mcolcon.colcon_core.event_handler.log_command[0m [1;30mDEBUG[0m [32mInvoking command in '/home/salamut/asv_2025/ros_yolo/src/obstacle_avoidance': PYTHONPATH=/home/salamut/asv_2025/ros_yolo/build/obstacle_avoidance/prefix_override:/home/salamut/asv_2025/.venv/lib/python3.10/site-packages/colcon_core/task/python/colcon_distutils_commands:/home/salamut/asv_2025/ros_yolo/install/obstacle_avoidance/lib/python3.10/site-packages:${PYTHONPATH} VIRTUAL_ENV_PROMPT=(.venv) /home/salamut/asv_2025/.venv/bin/python -W ignore:setup.py install is deprecated -W ignore:easy_install command is deprecated setup.py egg_info --egg-base ../../build/obstacle_avoidance build --build-base /home/salamut/asv_2025/ros_yolo/build/obstacle_avoidance/build install --record /home/salamut/asv_2025/ros_yolo/build/obstacle_avoidance/install.log --single-version-externally-managed install_data[0m
[1.803s] [34mcolcon.colcon_core.event_handler.log_command[0m [1;30mDEBUG[0m [32mInvoked command in '/home/salamut/asv_2025/ros_yolo/src/mav_interface' returned '0': PYTHONPATH=/home/salamut/asv_2025/ros_yolo/build/mav_interface/prefix_override:/home/salamut/asv_2025/.venv/lib/python3.10/site-packages/colcon_core/task/python/colcon_distutils_commands:/home/salamut/asv_2025/ros_yolo/install/mav_interface/lib/python3.10/site-packages:${PYTHONPATH} VIRTUAL_ENV_PROMPT=(.venv) /home/salamut/asv_2025/.venv/bin/python -W ignore:setup.py install is deprecated -W ignore:easy_install command is deprecated setup.py egg_info --egg-base ../../build/mav_interface build --build-base /home/salamut/asv_2025/ros_yolo/build/mav_interface/build install --record /home/salamut/asv_2025/ros_yolo/build/mav_interface/install.log --single-version-externally-managed install_data[0m
[1.807s] [34mcolcon.colcon_core.environment[0m [1;30mLevel 1[0m checking '/home/salamut/asv_2025/ros_yolo/install/mav_interface' for CMake module files
[1.808s] [34mcolcon.colcon_core.environment[0m [1;30mLevel 1[0m checking '/home/salamut/asv_2025/ros_yolo/install/mav_interface' for CMake config files
[1.808s] [34mcolcon.colcon_core.environment[0m [1;30mLevel 1[0m checking '/home/salamut/asv_2025/ros_yolo/install/mav_interface/lib'
[1.809s] [34mcolcon.colcon_core.environment[0m [1;30mLevel 1[0m checking '/home/salamut/asv_2025/ros_yolo/install/mav_interface/bin'
[1.809s] [34mcolcon.colcon_core.environment[0m [1;30mLevel 1[0m checking '/home/salamut/asv_2025/ros_yolo/install/mav_interface/lib/pkgconfig/mav_interface.pc'
[1.809s] [34mcolcon.colcon_core.environment[0m [1;30mLevel 1[0m checking '/home/salamut/asv_2025/ros_yolo/install/mav_interface/lib/python3.10/site-packages'
[1.809s] [34mcolcon.colcon_core.shell[0m [1;30mLevel 1[0m create_environment_hook('mav_interface', 'pythonpath')
[1.810s] [34mcolcon.colcon_core.shell[0m [1;30mINFO[0m Creating environment hook '/home/salamut/asv_2025/ros_yolo/install/mav_interface/share/mav_interface/hook/pythonpath.ps1'
[1.810s] [34mcolcon.colcon_core.shell[0m [1;30mINFO[0m Creating environment descriptor '/home/salamut/asv_2025/ros_yolo/install/mav_interface/share/mav_interface/hook/pythonpath.dsv'
[1.811s] [34mcolcon.colcon_core.shell[0m [1;30mINFO[0m Creating environment hook '/home/salamut/asv_2025/ros_yolo/install/mav_interface/share/mav_interface/hook/pythonpath.sh'
[1.812s] [34mcolcon.colcon_core.environment[0m [1;30mLevel 1[0m checking '/home/salamut/asv_2025/ros_yolo/install/mav_interface/bin'
[1.812s] [34mcolcon.colcon_core.environment[0m [1;30mLevel 1[0m create_environment_scripts_only(mav_interface)
[1.813s] [34mcolcon.colcon_core.shell[0m [1;30mINFO[0m Creating package script '/home/salamut/asv_2025/ros_yolo/install/mav_interface/share/mav_interface/package.ps1'
[1.814s] [34mcolcon.colcon_core.shell[0m [1;30mINFO[0m Creating package descriptor '/home/salamut/asv_2025/ros_yolo/install/mav_interface/share/mav_interface/package.dsv'
[1.815s] [34mcolcon.colcon_core.shell[0m [1;30mINFO[0m Creating package script '/home/salamut/asv_2025/ros_yolo/install/mav_interface/share/mav_interface/package.sh'
[1.817s] [34mcolcon.colcon_core.shell[0m [1;30mINFO[0m Creating package script '/home/salamut/asv_2025/ros_yolo/install/mav_interface/share/mav_interface/package.bash'
[1.818s] [34mcolcon.colcon_core.shell[0m [1;30mINFO[0m Creating package script '/home/salamut/asv_2025/ros_yolo/install/mav_interface/share/mav_interface/package.zsh'
[1.819s] [34mcolcon.colcon_core.environment[0m [1;30mLevel 1[0m create_file_with_runtime_dependencies(/home/salamut/asv_2025/ros_yolo/install/mav_interface/share/colcon-core/packages/mav_interface)
[1.824s] [34mcolcon.colcon_core.environment[0m [1;30mLevel 1[0m checking '/home/salamut/asv_2025/ros_yolo/install/asv_launch' for CMake module files
[1.825s] [34mcolcon.colcon_core.event_handler.log_command[0m [1;30mDEBUG[0m [32mInvoked command in '/home/salamut/asv_2025/ros_yolo/src/asv_launch' returned '0': PYTHONPATH=/home/salamut/asv_2025/ros_yolo/build/asv_launch/prefix_override:/home/salamut/asv_2025/.venv/lib/python3.10/site-packages/colcon_core/task/python/colcon_distutils_commands:/home/salamut/asv_2025/ros_yolo/install/asv_launch/lib/python3.10/site-packages:${PYTHONPATH} VIRTUAL_ENV_PROMPT=(.venv) /home/salamut/asv_2025/.venv/bin/python -W ignore:setup.py install is deprecated -W ignore:easy_install command is deprecated setup.py egg_info --egg-base ../../build/asv_launch build --build-base /home/salamut/asv_2025/ros_yolo/build/asv_launch/build install --record /home/salamut/asv_2025/ros_yolo/build/asv_launch/install.log --single-version-externally-managed install_data[0m
[1.825s] [34mcolcon.colcon_core.environment[0m [1;30mLevel 1[0m checking '/home/salamut/asv_2025/ros_yolo/install/asv_launch' for CMake config files
[1.826s] [34mcolcon.colcon_core.environment[0m [1;30mLevel 1[0m checking '/home/salamut/asv_2025/ros_yolo/install/asv_launch/lib'
[1.826s] [34mcolcon.colcon_core.environment[0m [1;30mLevel 1[0m checking '/home/salamut/asv_2025/ros_yolo/install/asv_launch/bin'
[1.826s] [34mcolcon.colcon_core.environment[0m [1;30mLevel 1[0m checking '/home/salamut/asv_2025/ros_yolo/install/asv_launch/lib/pkgconfig/asv_launch.pc'
[1.826s] [34mcolcon.colcon_core.environment[0m [1;30mLevel 1[0m checking '/home/salamut/asv_2025/ros_yolo/install/asv_launch/lib/python3.10/site-packages'
[1.827s] [34mcolcon.colcon_core.shell[0m [1;30mLevel 1[0m create_environment_hook('asv_launch', 'pythonpath')
[1.827s] [34mcolcon.colcon_core.shell[0m [1;30mINFO[0m Creating environment hook '/home/salamut/asv_2025/ros_yolo/install/asv_launch/share/asv_launch/hook/pythonpath.ps1'
[1.828s] [34mcolcon.colcon_core.shell[0m [1;30mINFO[0m Creating environment descriptor '/home/salamut/asv_2025/ros_yolo/install/asv_launch/share/asv_launch/hook/pythonpath.dsv'
[1.828s] [34mcolcon.colcon_core.shell[0m [1;30mINFO[0m Creating environment hook '/home/salamut/asv_2025/ros_yolo/install/asv_launch/share/asv_launch/hook/pythonpath.sh'
[1.830s] [34mcolcon.colcon_core.environment[0m [1;30mLevel 1[0m checking '/home/salamut/asv_2025/ros_yolo/install/asv_launch/bin'
[1.830s] [34mcolcon.colcon_core.environment[0m [1;30mLevel 1[0m create_environment_scripts_only(asv_launch)
[1.830s] [34mcolcon.colcon_core.shell[0m [1;30mINFO[0m Creating package script '/home/salamut/asv_2025/ros_yolo/install/asv_launch/share/asv_launch/package.ps1'
[1.831s] [34mcolcon.colcon_core.shell[0m [1;30mINFO[0m Creating package descriptor '/home/salamut/asv_2025/ros_yolo/install/asv_launch/share/asv_launch/package.dsv'
[1.831s] [34mcolcon.colcon_core.shell[0m [1;30mINFO[0m Creating package script '/home/salamut/asv_2025/ros_yolo/install/asv_launch/share/asv_launch/package.sh'
[1.832s] [34mcolcon.colcon_core.shell[0m [1;30mINFO[0m Creating package script '/home/salamut/asv_2025/ros_yolo/install/asv_launch/share/asv_launch/package.bash'
[1.832s] [34mcolcon.colcon_core.shell[0m [1;30mINFO[0m Creating package script '/home/salamut/asv_2025/ros_yolo/install/asv_launch/share/asv_launch/package.zsh'
[1.833s] [34mcolcon.colcon_core.environment[0m [1;30mLevel 1[0m create_file_with_runtime_dependencies(/home/salamut/asv_2025/ros_yolo/install/asv_launch/share/colcon-core/packages/asv_launch)
[1.834s] [34mcolcon.colcon_core.environment[0m [1;30mLevel 1[0m checking '/home/salamut/asv_2025/ros_yolo/install/obstacle_avoidance' for CMake module files
[1.835s] [34mcolcon.colcon_core.event_handler.log_command[0m [1;30mDEBUG[0m [32mInvoked command in '/home/salamut/asv_2025/ros_yolo/src/obstacle_avoidance' returned '0': PYTHONPATH=/home/salamut/asv_2025/ros_yolo/build/obstacle_avoidance/prefix_override:/home/salamut/asv_2025/.venv/lib/python3.10/site-packages/colcon_core/task/python/colcon_distutils_commands:/home/salamut/asv_2025/ros_yolo/install/obstacle_avoidance/lib/python3.10/site-packages:${PYTHONPATH} VIRTUAL_ENV_PROMPT=(.venv) /home/salamut/asv_2025/.venv/bin/python -W ignore:setup.py install is deprecated -W ignore:easy_install command is deprecated setup.py egg_info --egg-base ../../build/obstacle_avoidance build --build-base /home/salamut/asv_2025/ros_yolo/build/obstacle_avoidance/build install --record /home/salamut/asv_2025/ros_yolo/build/obstacle_avoidance/install.log --single-version-externally-managed install_data[0m
[1.835s] [34mcolcon.colcon_core.environment[0m [1;30mLevel 1[0m checking '/home/salamut/asv_2025/ros_yolo/install/obstacle_avoidance' for CMake config files
[1.835s] [34mcolcon.colcon_core.environment[0m [1;30mLevel 1[0m checking '/home/salamut/asv_2025/ros_yolo/install/obstacle_avoidance/lib'
[1.835s] [34mcolcon.colcon_core.environment[0m [1;30mLevel 1[0m checking '/home/salamut/asv_2025/ros_yolo/install/obstacle_avoidance/bin'
[1.836s] [34mcolcon.colcon_core.environment[0m [1;30mLevel 1[0m checking '/home/salamut/asv_2025/ros_yolo/install/obstacle_avoidance/lib/pkgconfig/obstacle_avoidance.pc'
[1.836s] [34mcolcon.colcon_core.environment[0m [1;30mLevel 1[0m checking '/home/salamut/asv_2025/ros_yolo/install/obstacle_avoidance/lib/python3.10/site-packages'
[1.836s] [34mcolcon.colcon_core.shell[0m [1;30mLevel 1[0m create_environment_hook('obstacle_avoidance', 'pythonpath')
[1.836s] [34mcolcon.colcon_core.shell[0m [1;30mINFO[0m Creating environment hook '/home/salamut/asv_2025/ros_yolo/install/obstacle_avoidance/share/obstacle_avoidance/hook/pythonpath.ps1'
[1.836s] [34mcolcon.colcon_core.shell[0m [1;30mINFO[0m Creating environment descriptor '/home/salamut/asv_2025/ros_yolo/install/obstacle_avoidance/share/obstacle_avoidance/hook/pythonpath.dsv'
[1.837s] [34mcolcon.colcon_core.shell[0m [1;30mINFO[0m Creating environment hook '/home/salamut/asv_2025/ros_yolo/install/obstacle_avoidance/share/obstacle_avoidance/hook/pythonpath.sh'
[1.838s] [34mcolcon.colcon_core.environment[0m [1;30mLevel 1[0m checking '/home/salamut/asv_2025/ros_yolo/install/obstacle_avoidance/bin'
[1.838s] [34mcolcon.colcon_core.environment[0m [1;30mLevel 1[0m create_environment_scripts_only(obstacle_avoidance)
[1.838s] [34mcolcon.colcon_core.shell[0m [1;30mINFO[0m Creating package script '/home/salamut/asv_2025/ros_yolo/install/obstacle_avoidance/share/obstacle_avoidance/package.ps1'
[1.839s] [34mcolcon.colcon_core.shell[0m [1;30mINFO[0m Creating package descriptor '/home/salamut/asv_2025/ros_yolo/install/obstacle_avoidance/share/obstacle_avoidance/package.dsv'
[1.839s] [34mcolcon.colcon_core.shell[0m [1;30mINFO[0m Creating package script '/home/salamut/asv_2025/ros_yolo/install/obstacle_avoidance/share/obstacle_avoidance/package.sh'
[1.840s] [34mcolcon.colcon_core.shell[0m [1;30mINFO[0m Creating package script '/home/salamut/asv_2025/ros_yolo/install/obstacle_avoidance/share/obstacle_avoidance/package.bash'
[1.840s] [34mcolcon.colcon_core.shell[0m [1;30mINFO[0m Creating package script '/home/salamut/asv_2025/ros_yolo/install/obstacle_avoidance/share/obstacle_avoidance/package.zsh'
[1.841s] [34mcolcon.colcon_core.environment[0m [1;30mLevel 1[0m create_file_with_runtime_dependencies(/home/salamut/asv_2025/ros_yolo/install/obstacle_avoidance/share/colcon-core/packages/obstacle_avoidance)
[1.841s] [34mcolcon.colcon_core.environment[0m [1;30mLevel 1[0m checking '/home/salamut/asv_2025/ros_yolo/install/yolo_detector' for CMake module files
[1.842s] [34mcolcon.colcon_core.event_handler.log_command[0m [1;30mDEBUG[0m [32mInvoked command in '/home/salamut/asv_2025/ros_yolo/src/yolo_detector' returned '0': PYTHONPATH=/home/salamut/asv_2025/ros_yolo/build/yolo_detector/prefix_override:/home/salamut/asv_2025/.venv/lib/python3.10/site-packages/colcon_core/task/python/colcon_distutils_commands:/home/salamut/asv_2025/ros_yolo/install/yolo_detector/lib/python3.10/site-packages:${PYTHONPATH} VIRTUAL_ENV_PROMPT=(.venv) /home/salamut/asv_2025/.venv/bin/python -W ignore:setup.py install is deprecated -W ignore:easy_install command is deprecated setup.py egg_info --egg-base ../../build/yolo_detector build --build-base /home/salamut/asv_2025/ros_yolo/build/yolo_detector/build install --record /home/salamut/asv_2025/ros_yolo/build/yolo_detector/install.log --single-version-externally-managed install_data[0m
[1.842s] [34mcolcon.colcon_core.environment[0m [1;30mLevel 1[0m checking '/home/salamut/asv_2025/ros_yolo/install/yolo_detector' for CMake config files
[1.843s] [34mcolcon.colcon_core.environment[0m [1;30mLevel 1[0m checking '/home/salamut/asv_2025/ros_yolo/install/yolo_detector/lib'
[1.843s] [34mcolcon.colcon_core.environment[0m [1;30mLevel 1[0m checking '/home/salamut/asv_2025/ros_yolo/install/yolo_detector/bin'
[1.843s] [34mcolcon.colcon_core.environment[0m [1;30mLevel 1[0m checking '/home/salamut/asv_2025/ros_yolo/install/yolo_detector/lib/pkgconfig/yolo_detector.pc'
[1.843s] [34mcolcon.colcon_core.environment[0m [1;30mLevel 1[0m checking '/home/salamut/asv_2025/ros_yolo/install/yolo_detector/lib/python3.10/site-packages'
[1.843s] [34mcolcon.colcon_core.shell[0m [1;30mLevel 1[0m create_environment_hook('yolo_detector', 'pythonpath')
[1.843s] [34mcolcon.colcon_core.shell[0m [1;30mINFO[0m Creating environment hook '/home/salamut/asv_2025/ros_yolo/install/yolo_detector/share/yolo_detector/hook/pythonpath.ps1'
[1.844s] [34mcolcon.colcon_core.shell[0m [1;30mINFO[0m Creating environment descriptor '/home/salamut/asv_2025/ros_yolo/install/yolo_detector/share/yolo_detector/hook/pythonpath.dsv'
[1.844s] [34mcolcon.colcon_core.shell[0m [1;30mINFO[0m Creating environment hook '/home/salamut/asv_2025/ros_yolo/install/yolo_detector/share/yolo_detector/hook/pythonpath.sh'
[1.845s] [34mcolcon.colcon_core.environment[0m [1;30mLevel 1[0m checking '/home/salamut/asv_2025/ros_yolo/install/yolo_detector/bin'
[1.845s] [34mcolcon.colcon_core.environment[0m [1;30mLevel 1[0m create_environment_scripts_only(yolo_detector)
[1.846s] [34mcolcon.colcon_core.shell[0m [1;30mINFO[0m Creating package script '/home/salamut/asv_2025/ros_yolo/install/yolo_detector/share/yolo_detector/package.ps1'
[1.846s] [34mcolcon.colcon_core.shell[0m [1;30mINFO[0m Creating package descriptor '/home/salamut/asv_2025/ros_yolo/install/yolo_detector/share/yolo_detector/package.dsv'
[1.847s] [34mcolcon.colcon_core.shell[0m [1;30mINFO[0m Creating package script '/home/salamut/asv_2025/ros_yolo/install/yolo_detector/share/yolo_detector/package.sh'
[1.847s] [34mcolcon.colcon_core.shell[0m [1;30mINFO[0m Creating package script '/home/salamut/asv_2025/ros_yolo/install/yolo_detector/share/yolo_detector/package.bash'
[1.848s] [34mcolcon.colcon_core.shell[0m [1;30mINFO[0m Creating package script '/home/salamut/asv_2025/ros_yolo/install/yolo_detector/share/yolo_detector/package.zsh'
[1.848s] [34mcolcon.colcon_core.environment[0m [1;30mLevel 1[0m create_file_with_runtime_dependencies(/home/salamut/asv_2025/ros_yolo/install/yolo_detector/share/colcon-core/packages/yolo_detector)
[1.849s] [34mcolcon.colcon_parallel_executor.executor.parallel[0m [1;30mDEBUG[0m [32mclosing loop[0m
[1.849s] [34mcolcon.colcon_parallel_executor.executor.parallel[0m [1;30mDEBUG[0m [32mloop closed[0m
[1.849s] [34mcolcon.colcon_parallel_executor.executor.parallel[0m [1;30mDEBUG[0m [32mrun_until_complete finished with '0'[0m
[1.849s] [34mcolcon.colcon_core.event_reactor[0m [1;30mDEBUG[0m [32mjoining thread[0m
[1.851s] [34mcolcon.colcon_core.plugin_system[0m [1;30mINFO[0m Skipping extension 'colcon_notification.desktop_notification.notify2': 'notify2' not found
[1.852s] [34mcolcon.colcon_core.plugin_system[0m [1;30mINFO[0m Skipping extension 'colcon_notification.desktop_notification.terminal_notifier': Not used on non-Darwin systems
[1.852s] [34mcolcon.colcon_core.plugin_system[0m [1;30mINFO[0m Skipping extension 'colcon_notification.desktop_notification.win32': Not used on non-Windows systems
[1.852s] [34mcolcon.colcon_notification.desktop_notification[0m [1;30mINFO[0m Sending desktop notification using 'notify_send'
[1.869s] [34mcolcon.colcon_core.event_reactor[0m [1;30mDEBUG[0m [32mjoined thread[0m
[1.869s] [34mcolcon.colcon_core.shell[0m [1;30mINFO[0m Creating prefix script '/home/salamut/asv_2025/ros_yolo/install/local_setup.ps1'
[1.871s] [34mcolcon.colcon_core.shell[0m [1;30mINFO[0m Creating prefix util module '/home/salamut/asv_2025/ros_yolo/install/_local_setup_util_ps1.py'
[1.873s] [34mcolcon.colcon_core.shell[0m [1;30mINFO[0m Creating prefix chain script '/home/salamut/asv_2025/ros_yolo/install/setup.ps1'
[1.875s] [34mcolcon.colcon_core.shell[0m [1;30mINFO[0m Creating prefix script '/home/salamut/asv_2025/ros_yolo/install/local_setup.sh'
[1.876s] [34mcolcon.colcon_core.shell[0m [1;30mINFO[0m Creating prefix util module '/home/salamut/asv_2025/ros_yolo/install/_local_setup_util_sh.py'
[1.876s] [34mcolcon.colcon_core.shell[0m [1;30mINFO[0m Creating prefix chain script '/home/salamut/asv_2025/ros_yolo/install/setup.sh'
[1.878s] [34mcolcon.colcon_core.shell[0m [1;30mINFO[0m Creating prefix script '/home/salamut/asv_2025/ros_yolo/install/local_setup.bash'
[1.878s] [34mcolcon.colcon_core.shell[0m [1;30mINFO[0m Creating prefix chain script '/home/salamut/asv_2025/ros_yolo/install/setup.bash'
[1.879s] [34mcolcon.colcon_core.shell[0m [1;30mINFO[0m Creating prefix script '/home/salamut/asv_2025/ros_yolo/install/local_setup.zsh'
[1.880s] [34mcolcon.colcon_core.shell[0m [1;30mINFO[0m Creating prefix chain script '/home/salamut/asv_2025/ros_yolo/install/setup.zsh'
