running develop
Removing /home/salamut/asv_2025/ros_yolo/install/asv_launch/lib/python3.10/site-packages/asv-launch.egg-link (link to .)
running egg_info
writing ../../build/asv_launch/asv_launch.egg-info/PKG-INFO
writing dependency_links to ../../build/asv_launch/asv_launch.egg-info/dependency_links.txt
writing entry points to ../../build/asv_launch/asv_launch.egg-info/entry_points.txt
writing requirements to ../../build/asv_launch/asv_launch.egg-info/requires.txt
writing top-level names to ../../build/asv_launch/asv_launch.egg-info/top_level.txt
reading manifest file '../../build/asv_launch/asv_launch.egg-info/SOURCES.txt'
writing manifest file '../../build/asv_launch/asv_launch.egg-info/SOURCES.txt'
running build
running build_py
running install
running install_lib
creating /home/salamut/asv_2025/ros_yolo/install/asv_launch/lib/python3.10/site-packages/asv_launch
copying /home/salamut/asv_2025/ros_yolo/build/asv_launch/build/lib/asv_launch/__init__.py -> /home/salamut/asv_2025/ros_yolo/install/asv_launch/lib/python3.10/site-packages/asv_launch
byte-compiling /home/salamut/asv_2025/ros_yolo/install/asv_launch/lib/python3.10/site-packages/asv_launch/__init__.py to __init__.cpython-310.pyc
running install_data
copying resource/asv_launch -> /home/salamut/asv_2025/ros_yolo/install/asv_launch/share/ament_index/resource_index/packages
copying package.xml -> /home/salamut/asv_2025/ros_yolo/install/asv_launch/share/asv_launch
copying launch/asv_system.launch.py -> /home/salamut/asv_2025/ros_yolo/install/asv_launch/share/asv_launch/launch
running install_egg_info
Copying ../../build/asv_launch/asv_launch.egg-info to /home/salamut/asv_2025/ros_yolo/install/asv_launch/lib/python3.10/site-packages/asv_launch-0.0.1-py3.10.egg-info
running install_scripts
writing list of installed files to '/home/salamut/asv_2025/ros_yolo/build/asv_launch/install.log'
