running develop
running egg_info
creating obstacle_avoidance.egg-info
writing obstacle_avoidance.egg-info/PKG-INFO
writing dependency_links to obstacle_avoidance.egg-info/dependency_links.txt
writing entry points to obstacle_avoidance.egg-info/entry_points.txt
writing requirements to obstacle_avoidance.egg-info/requires.txt
writing top-level names to obstacle_avoidance.egg-info/top_level.txt
writing manifest file 'obstacle_avoidance.egg-info/SOURCES.txt'
reading manifest file 'obstacle_avoidance.egg-info/SOURCES.txt'
writing manifest file 'obstacle_avoidance.egg-info/SOURCES.txt'
running build_ext
Creating /home/salamut/asv_2025/ros_yolo/install/obstacle_avoidance/lib/python3.10/site-packages/obstacle-avoidance.egg-link (link to .)
Installing avoidance_node script to /home/salamut/asv_2025/ros_yolo/install/obstacle_avoidance/lib/obstacle_avoidance

Installed /home/salamut/asv_2025/ros_yolo/build/obstacle_avoidance
running symlink_data
creating /home/salamut/asv_2025/ros_yolo/install/obstacle_avoidance/share/ament_index
creating /home/salamut/asv_2025/ros_yolo/install/obstacle_avoidance/share/ament_index/resource_index
creating /home/salamut/asv_2025/ros_yolo/install/obstacle_avoidance/share/ament_index/resource_index/packages
symbolically linking /home/salamut/asv_2025/ros_yolo/build/obstacle_avoidance/resource/obstacle_avoidance -> /home/salamut/asv_2025/ros_yolo/install/obstacle_avoidance/share/ament_index/resource_index/packages
symbolically linking /home/salamut/asv_2025/ros_yolo/build/obstacle_avoidance/package.xml -> /home/salamut/asv_2025/ros_yolo/install/obstacle_avoidance/share/obstacle_avoidance
