running develop
Removing /home/salamut/asv_2025/ros_yolo/install/yolo_detector/lib/python3.10/site-packages/yolo-detector.egg-link (link to .)
running egg_info
writing ../../build/yolo_detector/yolo_detector.egg-info/PKG-INFO
writing dependency_links to ../../build/yolo_detector/yolo_detector.egg-info/dependency_links.txt
writing entry points to ../../build/yolo_detector/yolo_detector.egg-info/entry_points.txt
writing requirements to ../../build/yolo_detector/yolo_detector.egg-info/requires.txt
writing top-level names to ../../build/yolo_detector/yolo_detector.egg-info/top_level.txt
reading manifest file '../../build/yolo_detector/yolo_detector.egg-info/SOURCES.txt'
writing manifest file '../../build/yolo_detector/yolo_detector.egg-info/SOURCES.txt'
running build
running build_py
creating /home/salamut/asv_2025/ros_yolo/build/yolo_detector/build
creating /home/salamut/asv_2025/ros_yolo/build/yolo_detector/build/lib
creating /home/salamut/asv_2025/ros_yolo/build/yolo_detector/build/lib/yolo_detector
copying yolo_detector/__init__.py -> /home/salamut/asv_2025/ros_yolo/build/yolo_detector/build/lib/yolo_detector
copying yolo_detector/detector_node.py -> /home/salamut/asv_2025/ros_yolo/build/yolo_detector/build/lib/yolo_detector
running install
running install_lib
creating /home/salamut/asv_2025/ros_yolo/install/yolo_detector/lib/python3.10/site-packages/yolo_detector
copying /home/salamut/asv_2025/ros_yolo/build/yolo_detector/build/lib/yolo_detector/__init__.py -> /home/salamut/asv_2025/ros_yolo/install/yolo_detector/lib/python3.10/site-packages/yolo_detector
copying /home/salamut/asv_2025/ros_yolo/build/yolo_detector/build/lib/yolo_detector/detector_node.py -> /home/salamut/asv_2025/ros_yolo/install/yolo_detector/lib/python3.10/site-packages/yolo_detector
byte-compiling /home/salamut/asv_2025/ros_yolo/install/yolo_detector/lib/python3.10/site-packages/yolo_detector/__init__.py to __init__.cpython-310.pyc
byte-compiling /home/salamut/asv_2025/ros_yolo/install/yolo_detector/lib/python3.10/site-packages/yolo_detector/detector_node.py to detector_node.cpython-310.pyc
running install_data
copying resource/yolo_detector -> /home/salamut/asv_2025/ros_yolo/install/yolo_detector/share/ament_index/resource_index/packages
copying package.xml -> /home/salamut/asv_2025/ros_yolo/install/yolo_detector/share/yolo_detector
running install_egg_info
Copying ../../build/yolo_detector/yolo_detector.egg-info to /home/salamut/asv_2025/ros_yolo/install/yolo_detector/lib/python3.10/site-packages/yolo_detector-0.0.0-py3.10.egg-info
running install_scripts
Installing detector_node script to /home/salamut/asv_2025/ros_yolo/install/yolo_detector/lib/yolo_detector
writing list of installed files to '/home/salamut/asv_2025/ros_yolo/build/yolo_detector/install.log'
