[1.267s] Invoking command in '/home/salamut/asv_2025/ros_yolo/build/yolo_detector': PYTHONPATH=/home/salamut/asv_2025/ros_yolo/build/yolo_detector/prefix_override:/home/salamut/asv_2025/.venv/lib/python3.10/site-packages/colcon_core/task/python/colcon_distutils_commands:/home/salamut/asv_2025/ros_yolo/install/yolo_detector/lib/python3.10/site-packages:${PYTHONPATH} VIRTUAL_ENV_PROMPT=(.venv) /home/salamut/asv_2025/.venv/bin/python -W ignore:setup.py install is deprecated -W ignore:easy_install command is deprecated setup.py develop --editable --build-directory /home/salamut/asv_2025/ros_yolo/build/yolo_detector/build --no-deps symlink_data
[1.518s] running develop
[1.634s] running egg_info
[1.635s] creating yolo_detector.egg-info
[1.635s] writing yolo_detector.egg-info/PKG-INFO
[1.635s] writing dependency_links to yolo_detector.egg-info/dependency_links.txt
[1.635s] writing entry points to yolo_detector.egg-info/entry_points.txt
[1.635s] writing requirements to yolo_detector.egg-info/requires.txt
[1.635s] writing top-level names to yolo_detector.egg-info/top_level.txt
[1.635s] writing manifest file 'yolo_detector.egg-info/SOURCES.txt'
[1.638s] reading manifest file 'yolo_detector.egg-info/SOURCES.txt'
[1.638s] writing manifest file 'yolo_detector.egg-info/SOURCES.txt'
[1.640s] running build_ext
[1.640s] Creating /home/salamut/asv_2025/ros_yolo/install/yolo_detector/lib/python3.10/site-packages/yolo-detector.egg-link (link to .)
[1.641s] Installing detector_node script to /home/salamut/asv_2025/ros_yolo/install/yolo_detector/lib/yolo_detector
[1.641s] 
[1.641s] Installed /home/salamut/asv_2025/ros_yolo/build/yolo_detector
[1.641s] running symlink_data
[1.642s] creating /home/salamut/asv_2025/ros_yolo/install/yolo_detector/share/ament_index
[1.642s] creating /home/salamut/asv_2025/ros_yolo/install/yolo_detector/share/ament_index/resource_index
[1.642s] creating /home/salamut/asv_2025/ros_yolo/install/yolo_detector/share/ament_index/resource_index/packages
[1.642s] symbolically linking /home/salamut/asv_2025/ros_yolo/build/yolo_detector/resource/yolo_detector -> /home/salamut/asv_2025/ros_yolo/install/yolo_detector/share/ament_index/resource_index/packages
[1.642s] symbolically linking /home/salamut/asv_2025/ros_yolo/build/yolo_detector/package.xml -> /home/salamut/asv_2025/ros_yolo/install/yolo_detector/share/yolo_detector
[1.702s] Invoked command in '/home/salamut/asv_2025/ros_yolo/build/yolo_detector' returned '0': PYTHONPATH=/home/salamut/asv_2025/ros_yolo/build/yolo_detector/prefix_override:/home/salamut/asv_2025/.venv/lib/python3.10/site-packages/colcon_core/task/python/colcon_distutils_commands:/home/salamut/asv_2025/ros_yolo/install/yolo_detector/lib/python3.10/site-packages:${PYTHONPATH} VIRTUAL_ENV_PROMPT=(.venv) /home/salamut/asv_2025/.venv/bin/python -W ignore:setup.py install is deprecated -W ignore:easy_install command is deprecated setup.py develop --editable --build-directory /home/salamut/asv_2025/ros_yolo/build/yolo_detector/build --no-deps symlink_data
